Archive member included to satisfy reference by file (symbol)

C:/ProgramData/MATLAB/SupportPackages/R2018b/3P.instrset/mbedlibrary-stm.instrset/0f02307a0877/TARGET_NUCLEO_F411RE/TOOLCHAIN_GCC_ARM/libmbed.a(AnalogIn.o)
                              MW_AnalogInput.o (mbed::AnalogIn::_mutex)
C:/ProgramData/MATLAB/SupportPackages/R2018b/3P.instrset/mbedlibrary-stm.instrset/0f02307a0877/TARGET_NUCLEO_F411RE/TOOLCHAIN_GCC_ARM/libmbed.a(FilePath.o)
                              C:/PROGRA~3/MATLAB/SUPPOR~1/R2018b/3P778C~1.INS/MBEDLI~1.INS/0F0230~1/TARGET_NUCLEO_F411RE/TOOLCHAIN_GCC_ARM/mbed_retarget.o (mbed::FilePath::FilePath(char const*))
C:/ProgramData/MATLAB/SupportPackages/R2018b/3P.instrset/mbedlibrary-stm.instrset/0f02307a0877/TARGET_NUCLEO_F411RE/TOOLCHAIN_GCC_ARM/libmbed.a(Serial.o)
                              BufferedSerial.o (mbed::Serial::unlock())
C:/ProgramData/MATLAB/SupportPackages/R2018b/3P.instrset/mbedlibrary-stm.instrset/0f02307a0877/TARGET_NUCLEO_F411RE/TOOLCHAIN_GCC_ARM/libmbed.a(Stream.o)
                              BufferedSerial.o (mbed::Stream::write(void const*, unsigned int))
C:/ProgramData/MATLAB/SupportPackages/R2018b/3P.instrset/mbedlibrary-stm.instrset/0f02307a0877/TARGET_NUCLEO_F411RE/TOOLCHAIN_GCC_ARM/libmbed.a(mbed_lp_ticker_api.o)
                              C:/PROGRA~3/MATLAB/SUPPOR~1/R2018b/3P778C~1.INS/MBEDLI~1.INS/0F0230~1/TARGET_NUCLEO_F411RE/TOOLCHAIN_GCC_ARM/lp_ticker.o (lp_ticker_irq_handler)
C:/ProgramData/MATLAB/SupportPackages/R2018b/3P.instrset/mbedlibrary-stm.instrset/0f02307a0877/TARGET_NUCLEO_F411RE/TOOLCHAIN_GCC_ARM/libmbed.a(mbed_gpio.o)
                              MW_digitalIO.o (gpio_init_in)
C:/ProgramData/MATLAB/SupportPackages/R2018b/3P.instrset/mbedlibrary-stm.instrset/0f02307a0877/TARGET_NUCLEO_F411RE/TOOLCHAIN_GCC_ARM/libmbed.a(mbed_us_ticker_api.o)
                              C:/PROGRA~3/MATLAB/SUPPOR~1/R2018b/3P778C~1.INS/MBEDLI~1.INS/0F0230~1/TARGET_NUCLEO_F411RE/TOOLCHAIN_GCC_ARM/hal_tick_32b.o (us_ticker_irq_handler)
C:/ProgramData/MATLAB/SupportPackages/R2018b/3P.instrset/mbedlibrary-stm.instrset/0f02307a0877/TARGET_NUCLEO_F411RE/TOOLCHAIN_GCC_ARM/libmbed.a(mbed_assert.o)
                              C:/PROGRA~3/MATLAB/SUPPOR~1/R2018b/3P778C~1.INS/MBEDLI~1.INS/0F0230~1/TARGET_NUCLEO_F411RE/TOOLCHAIN_GCC_ARM/analogin_api.o (mbed_assert_internal)
C:/ProgramData/MATLAB/SupportPackages/R2018b/3P.instrset/mbedlibrary-stm.instrset/0f02307a0877/TARGET_NUCLEO_F411RE/TOOLCHAIN_GCC_ARM/libmbed.a(mbed_pinmap_common.o)
                              C:/PROGRA~3/MATLAB/SUPPOR~1/R2018b/3P778C~1.INS/MBEDLI~1.INS/0F0230~1/TARGET_NUCLEO_F411RE/TOOLCHAIN_GCC_ARM/analogin_api.o (pinmap_pinout)
C:/ProgramData/MATLAB/SupportPackages/R2018b/3P.instrset/mbedlibrary-stm.instrset/0f02307a0877/TARGET_NUCLEO_F411RE/TOOLCHAIN_GCC_ARM/libmbed.a(mbed_ticker_api.o)
                              C:/ProgramData/MATLAB/SupportPackages/R2018b/3P.instrset/mbedlibrary-stm.instrset/0f02307a0877/TARGET_NUCLEO_F411RE/TOOLCHAIN_GCC_ARM/libmbed.a(mbed_lp_ticker_api.o) (ticker_irq_handler)
C:/ProgramData/MATLAB/SupportPackages/R2018b/3P.instrset/mbedlibrary-stm.instrset/0f02307a0877/TARGET_NUCLEO_F411RE/TOOLCHAIN_GCC_ARM/libmbed.a(mbed_error.o)
                              C:/PROGRA~3/MATLAB/SUPPOR~1/R2018b/3P778C~1.INS/MBEDLI~1.INS/0F0230~1/TARGET_NUCLEO_F411RE/TOOLCHAIN_GCC_ARM/analogin_api.o (error)
C:/ProgramData/MATLAB/SupportPackages/R2018b/3P.instrset/mbedlibrary-stm.instrset/0f02307a0877/TARGET_NUCLEO_F411RE/TOOLCHAIN_GCC_ARM/libmbed.a(mbed_critical.o)
                              C:/PROGRA~3/MATLAB/SUPPOR~1/R2018b/3P778C~1.INS/MBEDLI~1.INS/0F0230~1/TARGET_NUCLEO_F411RE/TOOLCHAIN_GCC_ARM/mbed_board.o (core_util_critical_section_enter)
C:/ProgramData/MATLAB/SupportPackages/R2018b/3P.instrset/mbedlibrary-stm.instrset/0f02307a0877/TARGET_NUCLEO_F411RE/TOOLCHAIN_GCC_ARM/libmbed.a(mbed_wait_api_no_rtos.o)
                              C:/PROGRA~3/MATLAB/SUPPOR~1/R2018b/3P778C~1.INS/MBEDLI~1.INS/0F0230~1/TARGET_NUCLEO_F411RE/TOOLCHAIN_GCC_ARM/i2c_api.o (wait_us)
C:/ProgramData/MATLAB/SupportPackages/R2018b/3P.instrset/mbedlibrary-stm.instrset/0f02307a0877/TARGET_NUCLEO_F411RE/TOOLCHAIN_GCC_ARM/libmbed.a(SerialBase.o)
                              C:/ProgramData/MATLAB/SupportPackages/R2018b/3P.instrset/mbedlibrary-stm.instrset/0f02307a0877/TARGET_NUCLEO_F411RE/TOOLCHAIN_GCC_ARM/libmbed.a(Serial.o) (mbed::SerialBase::_base_getc())
C:/ProgramData/MATLAB/SupportPackages/R2018b/3P.instrset/mbedlibrary-stm.instrset/0f02307a0877/TARGET_NUCLEO_F411RE/TOOLCHAIN_GCC_ARM/libmbed.a(FileBase.o)
                              C:/ProgramData/MATLAB/SupportPackages/R2018b/3P.instrset/mbedlibrary-stm.instrset/0f02307a0877/TARGET_NUCLEO_F411RE/TOOLCHAIN_GCC_ARM/libmbed.a(FilePath.o) (mbed::FileBase::getPathType())
[...]
Memory Configuration

Name             Origin             Length             Attributes
FLASH            0x08000000         0x00080000         xr
RAM              0x20000198         0x0001fe68         xrw
*default*        0x00000000         0xffffffff

Linker script and memory map

LOAD c:/progra~3/matlab/suppor~1/r2018b/3p778c~1.ins/gnuarm~1.ins/win/bin/../lib/gcc/arm-none-eabi/7.2.1/thumb/v7e-m/fpv4-sp/softfp/crti.o
LOAD c:/progra~3/matlab/suppor~1/r2018b/3p778c~1.ins/gnuarm~1.ins/win/bin/../lib/gcc/arm-none-eabi/7.2.1/thumb/v7e-m/fpv4-sp/softfp/crtbegin.o
LOAD c:/progra~3/matlab/suppor~1/r2018b/3p778c~1.ins/gnuarm~1.ins/win/bin/../lib/gcc/arm-none-eabi/7.2.1/../../../../arm-none-eabi/lib/thumb/v7e-m/fpv4-sp/softfp/crt0.o
LOAD C:/PROGRA~3/MATLAB/SUPPOR~1/R2018b/3P778C~1.INS/MBEDLI~1.INS/0F0230~1/TARGET_NUCLEO_F411RE/TOOLCHAIN_GCC_ARM/analogin_api.o
LOAD C:/PROGRA~3/MATLAB/SUPPOR~1/R2018b/3P778C~1.INS/MBEDLI~1.INS/0F0230~1/TARGET_NUCLEO_F411RE/TOOLCHAIN_GCC_ARM/analogout_api.o
LOAD C:/PROGRA~3/MATLAB/SUPPOR~1/R2018b/3P778C~1.INS/MBEDLI~1.INS/0F0230~1/TARGET_NUCLEO_F411RE/TOOLCHAIN_GCC_ARM/can_api.o
LOAD C:/PROGRA~3/MATLAB/SUPPOR~1/R2018b/3P778C~1.INS/MBEDLI~1.INS/0F0230~1/TARGET_NUCLEO_F411RE/TOOLCHAIN_GCC_ARM/cmsis_nvic.o
LOAD C:/PROGRA~3/MATLAB/SUPPOR~1/R2018b/3P778C~1.INS/MBEDLI~1.INS/0F0230~1/TARGET_NUCLEO_F411RE/TOOLCHAIN_GCC_ARM/gpio_api.o
LOAD C:/PROGRA~3/MATLAB/SUPPOR~1/R2018b/3P778C~1.INS/MBEDLI~1.INS/0F0230~1/TARGET_NUCLEO_F411RE/TOOLCHAIN_GCC_ARM/gpio_irq_api.o
LOAD C:/PROGRA~3/MATLAB/SUPPOR~1/R2018b/3P778C~1.INS/MBEDLI~1.INS/0F0230~1/TARGET_NUCLEO_F411RE/TOOLCHAIN_GCC_ARM/gpio_irq_device.o
LOAD C:/PROGRA~3/MATLAB/SUPPOR~1/R2018b/3P778C~1.INS/MBEDLI~1.INS/0F0230~1/TARGET_NUCLEO_F411RE/TOOLCHAIN_GCC_ARM/hal_init_pre.o
LOAD C:/PROGRA~3/MATLAB/SUPPOR~1/R2018b/3P778C~1.INS/MBEDLI~1.INS/0F0230~1/TARGET_NUCLEO_F411RE/TOOLCHAIN_GCC_ARM/hal_tick_16b.o
LOAD C:/PROGRA~3/MATLAB/SUPPOR~1/R2018b/3P778C~1.INS/MBEDLI~1.INS/0F0230~1/TARGET_NUCLEO_F411RE/TOOLCHAIN_GCC_ARM/hal_tick_32b.o
LOAD C:/PROGRA~3/MATLAB/SUPPOR~1/R2018b/3P778C~1.INS/MBEDLI~1.INS/0F0230~1/TARGET_NUCLEO_F411RE/TOOLCHAIN_GCC_ARM/i2c_api.o
LOAD C:/PROGRA~3/MATLAB/SUPPOR~1/R2018b/3P778C~1.INS/MBEDLI~1.INS/0F0230~1/TARGET_NUCLEO_F411RE/TOOLCHAIN_GCC_ARM/lp_ticker.o
LOAD C:/PROGRA~3/MATLAB/SUPPOR~1/R2018b/3P778C~1.INS/MBEDLI~1.INS/0F0230~1/TARGET_NUCLEO_F411RE/TOOLCHAIN_GCC_ARM/mbed_board.o
LOAD C:/PROGRA~3/MATLAB/SUPPOR~1/R2018b/3P778C~1.INS/MBEDLI~1.INS/0F0230~1/TARGET_NUCLEO_F411RE/TOOLCHAIN_GCC_ARM/mbed_overrides.o
LOAD C:/PROGRA~3/MATLAB/SUPPOR~1/R2018b/3P778C~1.INS/MBEDLI~1.INS/0F0230~1/TARGET_NUCLEO_F411RE/TOOLCHAIN_GCC_ARM/mbed_retarget.o
LOAD C:/PROGRA~3/MATLAB/SUPPOR~1/R2018b/3P778C~1.INS/MBEDLI~1.INS/0F0230~1/TARGET_NUCLEO_F411RE/TOOLCHAIN_GCC_ARM/PeripheralPins.o
LOAD C:/PROGRA~3/MATLAB/SUPPOR~1/R2018b/3P778C~1.INS/MBEDLI~1.INS/0F0230~1/TARGET_NUCLEO_F411RE/TOOLCHAIN_GCC_ARM/pinmap.o
LOAD C:/PROGRA~3/MATLAB/SUPPOR~1/R2018b/3P778C~1.INS/MBEDLI~1.INS/0F0230~1/TARGET_NUCLEO_F411RE/TOOLCHAIN_GCC_ARM/port_api.o
LOAD C:/PROGRA~3/MATLAB/SUPPOR~1/R2018b/3P778C~1.INS/MBEDLI~1.INS/0F0230~1/TARGET_NUCLEO_F411RE/TOOLCHAIN_GCC_ARM/pwmout_api.o
LOAD C:/PROGRA~3/MATLAB/SUPPOR~1/R2018b/3P778C~1.INS/MBEDLI~1.INS/0F0230~1/TARGET_NUCLEO_F411RE/TOOLCHAIN_GCC_ARM/pwmout_device.o
LOAD C:/PROGRA~3/MATLAB/SUPPOR~1/R2018b/3P778C~1.INS/MBEDLI~1.INS/0F0230~1/TARGET_NUCLEO_F411RE/TOOLCHAIN_GCC_ARM/rtc_api.o
LOAD C:/PROGRA~3/MATLAB/SUPPOR~1/R2018b/3P778C~1.INS/MBEDLI~1.INS/0F0230~1/TARGET_NUCLEO_F411RE/TOOLCHAIN_GCC_ARM/serial_api.o
LOAD C:/PROGRA~3/MATLAB/SUPPOR~1/R2018b/3P778C~1.INS/MBEDLI~1.INS/0F0230~1/TARGET_NUCLEO_F411RE/TOOLCHAIN_GCC_ARM/sleep.o
LOAD C:/PROGRA~3/MATLAB/SUPPOR~1/R2018b/3P778C~1.INS/MBEDLI~1.INS/0F0230~1/TARGET_NUCLEO_F411RE/TOOLCHAIN_GCC_ARM/spi_api.o
LOAD C:/PROGRA~3/MATLAB/SUPPOR~1/R2018b/3P778C~1.INS/MBEDLI~1.INS/0F0230~1/TARGET_NUCLEO_F411RE/TOOLCHAIN_GCC_ARM/startup_stm32f411xe.o
LOAD C:/PROGRA~3/MATLAB/SUPPOR~1/R2018b/3P778C~1.INS/MBEDLI~1.INS/0F0230~1/TARGET_NUCLEO_F411RE/TOOLCHAIN_GCC_ARM/stm32f4xx_hal.o
LOAD C:/PROGRA~3/MATLAB/SUPPOR~1/R2018b/3P778C~1.INS/MBEDLI~1.INS/0F0230~1/TARGET_NUCLEO_F411RE/TOOLCHAIN_GCC_ARM/stm32f4xx_hal_adc.o
LOAD C:/PROGRA~3/MATLAB/SUPPOR~1/R2018b/3P778C~1.INS/MBEDLI~1.INS/0F0230~1/TARGET_NUCLEO_F411RE/TOOLCHAIN_GCC_ARM/stm32f4xx_hal_adc_ex.o
LOAD C:/PROGRA~3/MATLAB/SUPPOR~1/R2018b/3P778C~1.INS/MBEDLI~1.INS/0F0230~1/TARGET_NUCLEO_F411RE/TOOLCHAIN_GCC_ARM/stm32f4xx_hal_can.o
LOAD C:/PROGRA~3/MATLAB/SUPPOR~1/R2018b/3P778C~1.INS/MBEDLI~1.INS/0F0230~1/TARGET_NUCLEO_F411RE/TOOLCHAIN_GCC_ARM/stm32f4xx_hal_cec.o
LOAD C:/PROGRA~3/MATLAB/SUPPOR~1/R2018b/3P778C~1.INS/MBEDLI~1.INS/0F0230~1/TARGET_NUCLEO_F411RE/TOOLCHAIN_GCC_ARM/stm32f4xx_hal_cortex.o
LOAD C:/PROGRA~3/MATLAB/SUPPOR~1/R2018b/3P778C~1.INS/MBEDLI~1.INS/0F0230~1/TARGET_NUCLEO_F411RE/TOOLCHAIN_GCC_ARM/stm32f4xx_hal_crc.o
LOAD C:/PROGRA~3/MATLAB/SUPPOR~1/R2018b/3P778C~1.INS/MBEDLI~1.INS/0F0230~1/TARGET_NUCLEO_F411RE/TOOLCHAIN_GCC_ARM/stm32f4xx_hal_cryp.o
LOAD C:/PROGRA~3/MATLAB/SUPPOR~1/R2018b/3P778C~1.INS/MBEDLI~1.INS/0F0230~1/TARGET_NUCLEO_F411RE/TOOLCHAIN_GCC_ARM/stm32f4xx_hal_cryp_ex.o
LOAD C:/PROGRA~3/MATLAB/SUPPOR~1/R2018b/3P778C~1.INS/MBEDLI~1.INS/0F0230~1/TARGET_NUCLEO_F411RE/TOOLCHAIN_GCC_ARM/stm32f4xx_hal_dac.o
LOAD C:/PROGRA~3/MATLAB/SUPPOR~1/R2018b/3P778C~1.INS/MBEDLI~1.INS/0F0230~1/TARGET_NUCLEO_F411RE/TOOLCHAIN_GCC_ARM/stm32f4xx_hal_dac_ex.o
LOAD C:/PROGRA~3/MATLAB/SUPPOR~1/R2018b/3P778C~1.INS/MBEDLI~1.INS/0F0230~1/TARGET_NUCLEO_F411RE/TOOLCHAIN_GCC_ARM/stm32f4xx_hal_dcmi.o
LOAD C:/PROGRA~3/MATLAB/SUPPOR~1/R2018b/3P778C~1.INS/MBEDLI~1.INS/0F0230~1/TARGET_NUCLEO_F411RE/TOOLCHAIN_GCC_ARM/stm32f4xx_hal_dcmi_ex.o
LOAD C:/PROGRA~3/MATLAB/SUPPOR~1/R2018b/3P778C~1.INS/MBEDLI~1.INS/0F0230~1/TARGET_NUCLEO_F411RE/TOOLCHAIN_GCC_ARM/stm32f4xx_hal_dfsdm.o
LOAD C:/PROGRA~3/MATLAB/SUPPOR~1/R2018b/3P778C~1.INS/MBEDLI~1.INS/0F0230~1/TARGET_NUCLEO_F411RE/TOOLCHAIN_GCC_ARM/stm32f4xx_hal_dma.o
LOAD C:/PROGRA~3/MATLAB/SUPPOR~1/R2018b/3P778C~1.INS/MBEDLI~1.INS/0F0230~1/TARGET_NUCLEO_F411RE/TOOLCHAIN_GCC_ARM/stm32f4xx_hal_dma2d.o
LOAD C:/PROGRA~3/MATLAB/SUPPOR~1/R2018b/3P778C~1.INS/MBEDLI~1.INS/0F0230~1/TARGET_NUCLEO_F411RE/TOOLCHAIN_GCC_ARM/stm32f4xx_hal_dma_ex.o
LOAD C:/PROGRA~3/MATLAB/SUPPOR~1/R2018b/3P778C~1.INS/MBEDLI~1.INS/0F0230~1/TARGET_NUCLEO_F411RE/TOOLCHAIN_GCC_ARM/stm32f4xx_hal_dsi.o
LOAD C:/PROGRA~3/MATLAB/SUPPOR~1/R2018b/3P778C~1.INS/MBEDLI~1.INS/0F0230~1/TARGET_NUCLEO_F411RE/TOOLCHAIN_GCC_ARM/stm32f4xx_hal_eth.o
LOAD C:/PROGRA~3/MATLAB/SUPPOR~1/R2018b/3P778C~1.INS/MBEDLI~1.INS/0F0230~1/TARGET_NUCLEO_F411RE/TOOLCHAIN_GCC_ARM/stm32f4xx_hal_flash.o
LOAD C:/PROGRA~3/MATLAB/SUPPOR~1/R2018b/3P778C~1.INS/MBEDLI~1.INS/0F0230~1/TARGET_NUCLEO_F411RE/TOOLCHAIN_GCC_ARM/stm32f4xx_hal_flash_ex.o
LOAD C:/PROGRA~3/MATLAB/SUPPOR~1/R2018b/3P778C~1.INS/MBEDLI~1.INS/0F0230~1/TARGET_NUCLEO_F411RE/TOOLCHAIN_GCC_ARM/stm32f4xx_hal_flash_ramfunc.o
LOAD C:/PROGRA~3/MATLAB/SUPPOR~1/R2018b/3P778C~1.INS/MBEDLI~1.INS/0F0230~1/TARGET_NUCLEO_F411RE/TOOLCHAIN_GCC_ARM/stm32f4xx_hal_fmpi2c.o
LOAD C:/PROGRA~3/MATLAB/SUPPOR~1/R2018b/3P778C~1.INS/MBEDLI~1.INS/0F0230~1/TARGET_NUCLEO_F411RE/TOOLCHAIN_GCC_ARM/stm32f4xx_hal_fmpi2c_ex.o
LOAD C:/PROGRA~3/MATLAB/SUPPOR~1/R2018b/3P778C~1.INS/MBEDLI~1.INS/0F0230~1/TARGET_NUCLEO_F411RE/TOOLCHAIN_GCC_ARM/stm32f4xx_hal_gpio.o
LOAD C:/PROGRA~3/MATLAB/SUPPOR~1/R2018b/3P778C~1.INS/MBEDLI~1.INS/0F0230~1/TARGET_NUCLEO_F411RE/TOOLCHAIN_GCC_ARM/stm32f4xx_hal_hash.o
LOAD C:/PROGRA~3/MATLAB/SUPPOR~1/R2018b/3P778C~1.INS/MBEDLI~1.INS/0F0230~1/TARGET_NUCLEO_F411RE/TOOLCHAIN_GCC_ARM/stm32f4xx_hal_hash_ex.o
LOAD C:/PROGRA~3/MATLAB/SUPPOR~1/R2018b/3P778C~1.INS/MBEDLI~1.INS/0F0230~1/TARGET_NUCLEO_F411RE/TOOLCHAIN_GCC_ARM/stm32f4xx_hal_hcd.o
LOAD C:/PROGRA~3/MATLAB/SUPPOR~1/R2018b/3P778C~1.INS/MBEDLI~1.INS/0F0230~1/TARGET_NUCLEO_F411RE/TOOLCHAIN_GCC_ARM/stm32f4xx_hal_i2c.o
LOAD C:/PROGRA~3/MATLAB/SUPPOR~1/R2018b/3P778C~1.INS/MBEDLI~1.INS/0F0230~1/TARGET_NUCLEO_F411RE/TOOLCHAIN_GCC_ARM/stm32f4xx_hal_i2c_ex.o
LOAD C:/PROGRA~3/MATLAB/SUPPOR~1/R2018b/3P778C~1.INS/MBEDLI~1.INS/0F0230~1/TARGET_NUCLEO_F411RE/TOOLCHAIN_GCC_ARM/stm32f4xx_hal_i2s.o
LOAD C:/PROGRA~3/MATLAB/SUPPOR~1/R2018b/3P778C~1.INS/MBEDLI~1.INS/0F0230~1/TARGET_NUCLEO_F411RE/TOOLCHAIN_GCC_ARM/stm32f4xx_hal_i2s_ex.o
LOAD C:/PROGRA~3/MATLAB/SUPPOR~1/R2018b/3P778C~1.INS/MBEDLI~1.INS/0F0230~1/TARGET_NUCLEO_F411RE/TOOLCHAIN_GCC_ARM/stm32f4xx_hal_irda.o
LOAD C:/PROGRA~3/MATLAB/SUPPOR~1/R2018b/3P778C~1.INS/MBEDLI~1.INS/0F0230~1/TARGET_NUCLEO_F411RE/TOOLCHAIN_GCC_ARM/stm32f4xx_hal_iwdg.o
LOAD C:/PROGRA~3/MATLAB/SUPPOR~1/R2018b/3P778C~1.INS/MBEDLI~1.INS/0F0230~1/TARGET_NUCLEO_F411RE/TOOLCHAIN_GCC_ARM/stm32f4xx_hal_lptim.o
LOAD C:/PROGRA~3/MATLAB/SUPPOR~1/R2018b/3P778C~1.INS/MBEDLI~1.INS/0F0230~1/TARGET_NUCLEO_F411RE/TOOLCHAIN_GCC_ARM/stm32f4xx_hal_ltdc.o
LOAD C:/PROGRA~3/MATLAB/SUPPOR~1/R2018b/3P778C~1.INS/MBEDLI~1.INS/0F0230~1/TARGET_NUCLEO_F411RE/TOOLCHAIN_GCC_ARM/stm32f4xx_hal_ltdc_ex.o
LOAD C:/PROGRA~3/MATLAB/SUPPOR~1/R2018b/3P778C~1.INS/MBEDLI~1.INS/0F0230~1/TARGET_NUCLEO_F411RE/TOOLCHAIN_GCC_ARM/stm32f4xx_hal_msp_template.o
LOAD C:/PROGRA~3/MATLAB/SUPPOR~1/R2018b/3P778C~1.INS/MBEDLI~1.INS/0F0230~1/TARGET_NUCLEO_F411RE/TOOLCHAIN_GCC_ARM/stm32f4xx_hal_nand.o
LOAD C:/PROGRA~3/MATLAB/SUPPOR~1/R2018b/3P778C~1.INS/MBEDLI~1.INS/0F0230~1/TARGET_NUCLEO_F411RE/TOOLCHAIN_GCC_ARM/stm32f4xx_hal_nor.o
LOAD C:/PROGRA~3/MATLAB/SUPPOR~1/R2018b/3P778C~1.INS/MBEDLI~1.INS/0F0230~1/TARGET_NUCLEO_F411RE/TOOLCHAIN_GCC_ARM/stm32f4xx_hal_pccard.o
LOAD C:/PROGRA~3/MATLAB/SUPPOR~1/R2018b/3P778C~1.INS/MBEDLI~1.INS/0F0230~1/TARGET_NUCLEO_F411RE/TOOLCHAIN_GCC_ARM/stm32f4xx_hal_pcd.o
LOAD C:/PROGRA~3/MATLAB/SUPPOR~1/R2018b/3P778C~1.INS/MBEDLI~1.INS/0F0230~1/TARGET_NUCLEO_F411RE/TOOLCHAIN_GCC_ARM/stm32f4xx_hal_pcd_ex.o
LOAD C:/PROGRA~3/MATLAB/SUPPOR~1/R2018b/3P778C~1.INS/MBEDLI~1.INS/0F0230~1/TARGET_NUCLEO_F411RE/TOOLCHAIN_GCC_ARM/stm32f4xx_hal_pwr.o
LOAD C:/PROGRA~3/MATLAB/SUPPOR~1/R2018b/3P778C~1.INS/MBEDLI~1.INS/0F0230~1/TARGET_NUCLEO_F411RE/TOOLCHAIN_GCC_ARM/stm32f4xx_hal_pwr_ex.o
LOAD C:/PROGRA~3/MATLAB/SUPPOR~1/R2018b/3P778C~1.INS/MBEDLI~1.INS/0F0230~1/TARGET_NUCLEO_F411RE/TOOLCHAIN_GCC_ARM/stm32f4xx_hal_qspi.o
LOAD C:/PROGRA~3/MATLAB/SUPPOR~1/R2018b/3P778C~1.INS/MBEDLI~1.INS/0F0230~1/TARGET_NUCLEO_F411RE/TOOLCHAIN_GCC_ARM/stm32f4xx_hal_rcc.o
LOAD C:/PROGRA~3/MATLAB/SUPPOR~1/R2018b/3P778C~1.INS/MBEDLI~1.INS/0F0230~1/TARGET_NUCLEO_F411RE/TOOLCHAIN_GCC_ARM/stm32f4xx_hal_rcc_ex.o
LOAD C:/PROGRA~3/MATLAB/SUPPOR~1/R2018b/3P778C~1.INS/MBEDLI~1.INS/0F0230~1/TARGET_NUCLEO_F411RE/TOOLCHAIN_GCC_ARM/stm32f4xx_hal_rng.o
LOAD C:/PROGRA~3/MATLAB/SUPPOR~1/R2018b/3P778C~1.INS/MBEDLI~1.INS/0F0230~1/TARGET_NUCLEO_F411RE/TOOLCHAIN_GCC_ARM/stm32f4xx_hal_rtc.o
LOAD C:/PROGRA~3/MATLAB/SUPPOR~1/R2018b/3P778C~1.INS/MBEDLI~1.INS/0F0230~1/TARGET_NUCLEO_F411RE/TOOLCHAIN_GCC_ARM/stm32f4xx_hal_rtc_ex.o
LOAD C:/PROGRA~3/MATLAB/SUPPOR~1/R2018b/3P778C~1.INS/MBEDLI~1.INS/0F0230~1/TARGET_NUCLEO_F411RE/TOOLCHAIN_GCC_ARM/stm32f4xx_hal_sai.o
LOAD C:/PROGRA~3/MATLAB/SUPPOR~1/R2018b/3P778C~1.INS/MBEDLI~1.INS/0F0230~1/TARGET_NUCLEO_F411RE/TOOLCHAIN_GCC_ARM/stm32f4xx_hal_sai_ex.o
LOAD C:/PROGRA~3/MATLAB/SUPPOR~1/R2018b/3P778C~1.INS/MBEDLI~1.INS/0F0230~1/TARGET_NUCLEO_F411RE/TOOLCHAIN_GCC_ARM/stm32f4xx_hal_sd.o
LOAD C:/PROGRA~3/MATLAB/SUPPOR~1/R2018b/3P778C~1.INS/MBEDLI~1.INS/0F0230~1/TARGET_NUCLEO_F411RE/TOOLCHAIN_GCC_ARM/stm32f4xx_hal_sdram.o
LOAD C:/PROGRA~3/MATLAB/SUPPOR~1/R2018b/3P778C~1.INS/MBEDLI~1.INS/0F0230~1/TARGET_NUCLEO_F411RE/TOOLCHAIN_GCC_ARM/stm32f4xx_hal_smartcard.o
LOAD C:/PROGRA~3/MATLAB/SUPPOR~1/R2018b/3P778C~1.INS/MBEDLI~1.INS/0F0230~1/TARGET_NUCLEO_F411RE/TOOLCHAIN_GCC_ARM/stm32f4xx_hal_spdifrx.o
LOAD C:/PROGRA~3/MATLAB/SUPPOR~1/R2018b/3P778C~1.INS/MBEDLI~1.INS/0F0230~1/TARGET_NUCLEO_F411RE/TOOLCHAIN_GCC_ARM/stm32f4xx_hal_spi.o
LOAD C:/PROGRA~3/MATLAB/SUPPOR~1/R2018b/3P778C~1.INS/MBEDLI~1.INS/0F0230~1/TARGET_NUCLEO_F411RE/TOOLCHAIN_GCC_ARM/stm32f4xx_hal_sram.o
LOAD C:/PROGRA~3/MATLAB/SUPPOR~1/R2018b/3P778C~1.INS/MBEDLI~1.INS/0F0230~1/TARGET_NUCLEO_F411RE/TOOLCHAIN_GCC_ARM/stm32f4xx_hal_tim.o
LOAD C:/PROGRA~3/MATLAB/SUPPOR~1/R2018b/3P778C~1.INS/MBEDLI~1.INS/0F0230~1/TARGET_NUCLEO_F411RE/TOOLCHAIN_GCC_ARM/stm32f4xx_hal_tim_ex.o
LOAD C:/PROGRA~3/MATLAB/SUPPOR~1/R2018b/3P778C~1.INS/MBEDLI~1.INS/0F0230~1/TARGET_NUCLEO_F411RE/TOOLCHAIN_GCC_ARM/stm32f4xx_hal_uart.o
LOAD C:/PROGRA~3/MATLAB/SUPPOR~1/R2018b/3P778C~1.INS/MBEDLI~1.INS/0F0230~1/TARGET_NUCLEO_F411RE/TOOLCHAIN_GCC_ARM/stm32f4xx_hal_usart.o
LOAD C:/PROGRA~3/MATLAB/SUPPOR~1/R2018b/3P778C~1.INS/MBEDLI~1.INS/0F0230~1/TARGET_NUCLEO_F411RE/TOOLCHAIN_GCC_ARM/stm32f4xx_hal_wwdg.o
LOAD C:/PROGRA~3/MATLAB/SUPPOR~1/R2018b/3P778C~1.INS/MBEDLI~1.INS/0F0230~1/TARGET_NUCLEO_F411RE/TOOLCHAIN_GCC_ARM/stm32f4xx_ll_fmc.o
LOAD C:/PROGRA~3/MATLAB/SUPPOR~1/R2018b/3P778C~1.INS/MBEDLI~1.INS/0F0230~1/TARGET_NUCLEO_F411RE/TOOLCHAIN_GCC_ARM/stm32f4xx_ll_fsmc.o
LOAD C:/PROGRA~3/MATLAB/SUPPOR~1/R2018b/3P778C~1.INS/MBEDLI~1.INS/0F0230~1/TARGET_NUCLEO_F411RE/TOOLCHAIN_GCC_ARM/stm32f4xx_ll_sdmmc.o
LOAD C:/PROGRA~3/MATLAB/SUPPOR~1/R2018b/3P778C~1.INS/MBEDLI~1.INS/0F0230~1/TARGET_NUCLEO_F411RE/TOOLCHAIN_GCC_ARM/stm32f4xx_ll_usb.o
LOAD C:/PROGRA~3/MATLAB/SUPPOR~1/R2018b/3P778C~1.INS/MBEDLI~1.INS/0F0230~1/TARGET_NUCLEO_F411RE/TOOLCHAIN_GCC_ARM/stm_spi_api.o
LOAD C:/PROGRA~3/MATLAB/SUPPOR~1/R2018b/3P778C~1.INS/MBEDLI~1.INS/0F0230~1/TARGET_NUCLEO_F411RE/TOOLCHAIN_GCC_ARM/system_stm32f4xx.o
LOAD C:/PROGRA~3/MATLAB/SUPPOR~1/R2018b/3P778C~1.INS/MBEDLI~1.INS/0F0230~1/TARGET_NUCLEO_F411RE/TOOLCHAIN_GCC_ARM/trng_api.o
LOAD C:/PROGRA~3/MATLAB/SUPPOR~1/R2018b/3P778C~1.INS/MBEDLI~1.INS/0F0230~1/TARGET_NUCLEO_F411RE/TOOLCHAIN_GCC_ARM/us_ticker_16b.o
LOAD C:/PROGRA~3/MATLAB/SUPPOR~1/R2018b/3P778C~1.INS/MBEDLI~1.INS/0F0230~1/TARGET_NUCLEO_F411RE/TOOLCHAIN_GCC_ARM/us_ticker_32b.o
LOAD BufferedSerial.o
LOAD MW_AnalogInput.o
LOAD MW_PWM.o
LOAD MW_digitalIO.o
LOAD SysTickScheduler.o
LOAD ert_main.o
LOAD m3m4m4f_multitasking.o
LOAD motoraiHIL.o
LOAD motoraiHIL_data.o
LOAD mw_mbed_interface.o
LOAD C:/ProgramData/MATLAB/SupportPackages/R2018b/3P.instrset/mbedlibrary-stm.instrset/0f02307a0877/TARGET_NUCLEO_F411RE/TOOLCHAIN_GCC_ARM/libmbed.a
LOAD C:/ProgramData/MATLAB/SupportPackages/R2018b/3P.instrset/cmsis.instrset/CMSIS/Lib/GCC/libarm_cortexM4lsf_math.a
LOAD c:/progra~3/matlab/suppor~1/r2018b/3p778c~1.ins/gnuarm~1.ins/win/bin/../lib/gcc/arm-none-eabi/7.2.1/../../../../arm-none-eabi/lib/thumb/v7e-m/fpv4-sp/softfp\libstdc++_nano.a
LOAD c:/progra~3/matlab/suppor~1/r2018b/3p778c~1.ins/gnuarm~1.ins/win/bin/../lib/gcc/arm-none-eabi/7.2.1/../../../../arm-none-eabi/lib/thumb/v7e-m/fpv4-sp/softfp\libm.a
START GROUP
LOAD c:/progra~3/matlab/suppor~1/r2018b/3p778c~1.ins/gnuarm~1.ins/win/bin/../lib/gcc/arm-none-eabi/7.2.1/thumb/v7e-m/fpv4-sp/softfp\libgcc.a
LOAD c:/progra~3/matlab/suppor~1/r2018b/3p778c~1.ins/gnuarm~1.ins/win/bin/../lib/gcc/arm-none-eabi/7.2.1/../../../../arm-none-eabi/lib/thumb/v7e-m/fpv4-sp/softfp\libc_nano.a
END GROUP
START GROUP
LOAD c:/progra~3/matlab/suppor~1/r2018b/3p778c~1.ins/gnuarm~1.ins/win/bin/../lib/gcc/arm-none-eabi/7.2.1/thumb/v7e-m/fpv4-sp/softfp\libgcc.a
LOAD c:/progra~3/matlab/suppor~1/r2018b/3p778c~1.ins/gnuarm~1.ins/win/bin/../lib/gcc/arm-none-eabi/7.2.1/../../../../arm-none-eabi/lib/thumb/v7e-m/fpv4-sp/softfp\libc_nano.a
LOAD c:/progra~3/matlab/suppor~1/r2018b/3p778c~1.ins/gnuarm~1.ins/win/bin/../lib/gcc/arm-none-eabi/7.2.1/../../../../arm-none-eabi/lib/thumb/v7e-m/fpv4-sp/softfp\libnosys.a
END GROUP
START GROUP
LOAD c:/progra~3/matlab/suppor~1/r2018b/3p778c~1.ins/gnuarm~1.ins/win/bin/../lib/gcc/arm-none-eabi/7.2.1/thumb/v7e-m/fpv4-sp/softfp\libgcc.a
LOAD c:/progra~3/matlab/suppor~1/r2018b/3p778c~1.ins/gnuarm~1.ins/win/bin/../lib/gcc/arm-none-eabi/7.2.1/../../../../arm-none-eabi/lib/thumb/v7e-m/fpv4-sp/softfp\libc_nano.a
LOAD c:/progra~3/matlab/suppor~1/r2018b/3p778c~1.ins/gnuarm~1.ins/win/bin/../lib/gcc/arm-none-eabi/7.2.1/../../../../arm-none-eabi/lib/thumb/v7e-m/fpv4-sp/softfp\libnosys.a
END GROUP
LOAD c:/progra~3/matlab/suppor~1/r2018b/3p778c~1.ins/gnuarm~1.ins/win/bin/../lib/gcc/arm-none-eabi/7.2.1/thumb/v7e-m/fpv4-sp/softfp/crtend.o
LOAD c:/progra~3/matlab/suppor~1/r2018b/3p778c~1.ins/gnuarm~1.ins/win/bin/../lib/gcc/arm-none-eabi/7.2.1/thumb/v7e-m/fpv4-sp/softfp/crtn.o

.text           0x08000000    0x4a424
 *(.isr_vector)
 .isr_vector    0x08000000      0x198 C:/PROGRA~3/MATLAB/SUPPOR~1/R2018b/3P778C~1.INS/MBEDLI~1.INS/0F0230~1/TARGET_NUCLEO_F411RE/TOOLCHAIN_GCC_ARM/startup_stm32f411xe.o
                0x08000000                g_pfnVectors
 *(.text*)
 .text          0x08000198       0x40 c:/progra~3/matlab/suppor~1/r2018b/3p778c~1.ins/gnuarm~1.ins/win/bin/../lib/gcc/arm-none-eabi/7.2.1/thumb/v7e-m/fpv4-sp/softfp/crtbegin.o
 .text          0x080001d8       0x74 c:/progra~3/matlab/suppor~1/r2018b/3p778c~1.ins/gnuarm~1.ins/win/bin/../lib/gcc/arm-none-eabi/7.2.1/../../../../arm-none-eabi/lib/thumb/v7e-m/fpv4-sp/softfp/crt0.o
                0x080001d8                _start
                0x080001d8                _mainCRTStartup
 .text.adc_read
                0x0800024c       0xbc C:/PROGRA~3/MATLAB/SUPPOR~1/R2018b/3P778C~1.INS/MBEDLI~1.INS/0F0230~1/TARGET_NUCLEO_F411RE/TOOLCHAIN_GCC_ARM/analogin_api.o
 .text.analogin_init
                0x08000308       0xe8 C:/PROGRA~3/MATLAB/SUPPOR~1/R2018b/3P778C~1.INS/MBEDLI~1.INS/0F0230~1/TARGET_NUCLEO_F411RE/TOOLCHAIN_GCC_ARM/analogin_api.o
                0x08000308                analogin_init
 .text.analogin_read
                0x080003f0       0x20 C:/PROGRA~3/MATLAB/SUPPOR~1/R2018b/3P778C~1.INS/MBEDLI~1.INS/0F0230~1/TARGET_NUCLEO_F411RE/TOOLCHAIN_GCC_ARM/analogin_api.o
                0x080003f0                analogin_read
 .text.__NVIC_SetVector
                0x08000410       0x40 C:/PROGRA~3/MATLAB/SUPPOR~1/R2018b/3P778C~1.INS/MBEDLI~1.INS/0F0230~1/TARGET_NUCLEO_F411RE/TOOLCHAIN_GCC_ARM/cmsis_nvic.o
                0x08000410                __NVIC_SetVector
 .text.Set_GPIO_Clock
                0x08000450       0xe0 C:/PROGRA~3/MATLAB/SUPPOR~1/R2018b/3P778C~1.INS/MBEDLI~1.INS/0F0230~1/TARGET_NUCLEO_F411RE/TOOLCHAIN_GCC_ARM/gpio_api.o
                0x08000450                Set_GPIO_Clock
 .text.gpio_set
                0x08000530       0x2c C:/PROGRA~3/MATLAB/SUPPOR~1/R2018b/3P778C~1.INS/MBEDLI~1.INS/0F0230~1/TARGET_NUCLEO_F411RE/TOOLCHAIN_GCC_ARM/gpio_api.o
                0x08000530                gpio_set
 .text.gpio_init
                0x0800055c       0x40 C:/PROGRA~3/MATLAB/SUPPOR~1/R2018b/3P778C~1.INS/MBEDLI~1.INS/0F0230~1/TARGET_NUCLEO_F411RE/TOOLCHAIN_GCC_ARM/gpio_api.o
                0x0800055c                gpio_init
 .text.gpio_mode
                0x0800059c        0x8 C:/PROGRA~3/MATLAB/SUPPOR~1/R2018b/3P778C~1.INS/MBEDLI~1.INS/0F0230~1/TARGET_NUCLEO_F411RE/TOOLCHAIN_GCC_ARM/gpio_api.o
                0x0800059c                gpio_mode
 .text.gpio_dir
                0x080005a4       0x52 C:/PROGRA~3/MATLAB/SUPPOR~1/R2018b/3P778C~1.INS/MBEDLI~1.INS/0F0230~1/TARGET_NUCLEO_F411RE/TOOLCHAIN_GCC_ARM/gpio_api.o
                0x080005a4                gpio_dir
 *fill*         0x080005f6        0x2 
 .text.timer_irq_handler
                0x080005f8       0x58 C:/PROGRA~3/MATLAB/SUPPOR~1/R2018b/3P778C~1.INS/MBEDLI~1.INS/0F0230~1/TARGET_NUCLEO_F411RE/TOOLCHAIN_GCC_ARM/hal_tick_32b.o
                0x080005f8                timer_irq_handler
 .text.HAL_InitTick
                0x08000650       0xc0 C:/PROGRA~3/MATLAB/SUPPOR~1/R2018b/3P778C~1.INS/MBEDLI~1.INS/0F0230~1/TARGET_NUCLEO_F411RE/TOOLCHAIN_GCC_ARM/hal_tick_32b.o
                0x08000650                HAL_InitTick
 .text.mbed_die
                0x08000710       0x2c C:/PROGRA~3/MATLAB/SUPPOR~1/R2018b/3P778C~1.INS/MBEDLI~1.INS/0F0230~1/TARGET_NUCLEO_F411RE/TOOLCHAIN_GCC_ARM/mbed_board.o
                0x08000710                mbed_die
 .text.mbed_error_vfprintf
                0x0800073c       0x54 C:/PROGRA~3/MATLAB/SUPPOR~1/R2018b/3P778C~1.INS/MBEDLI~1.INS/0F0230~1/TARGET_NUCLEO_F411RE/TOOLCHAIN_GCC_ARM/mbed_board.o
                0x0800073c                mbed_error_vfprintf
 .text.mbed_error_printf
                0x08000790       0x1a C:/PROGRA~3/MATLAB/SUPPOR~1/R2018b/3P778C~1.INS/MBEDLI~1.INS/0F0230~1/TARGET_NUCLEO_F411RE/TOOLCHAIN_GCC_ARM/mbed_board.o
                0x08000790                mbed_error_printf
 .text.mbed_sdk_init
                0x080007aa        0xe C:/PROGRA~3/MATLAB/SUPPOR~1/R2018b/3P778C~1.INS/MBEDLI~1.INS/0F0230~1/TARGET_NUCLEO_F411RE/TOOLCHAIN_GCC_ARM/mbed_overrides.o
                0x080007aa                mbed_sdk_init
 .text._ZL11init_serialv
                0x080007b8       0x2c C:/PROGRA~3/MATLAB/SUPPOR~1/R2018b/3P778C~1.INS/MBEDLI~1.INS/0F0230~1/TARGET_NUCLEO_F411RE/TOOLCHAIN_GCC_ARM/mbed_retarget.o
 .text._close   0x080007e4       0x40 C:/PROGRA~3/MATLAB/SUPPOR~1/R2018b/3P778C~1.INS/MBEDLI~1.INS/0F0230~1/TARGET_NUCLEO_F411RE/TOOLCHAIN_GCC_ARM/mbed_retarget.o
                0x080007e4                _close
 .text._write   0x08000824       0x6c C:/PROGRA~3/MATLAB/SUPPOR~1/R2018b/3P778C~1.INS/MBEDLI~1.INS/0F0230~1/TARGET_NUCLEO_F411RE/TOOLCHAIN_GCC_ARM/mbed_retarget.o
                0x08000824                _write
 .text._read    0x08000890       0x60 C:/PROGRA~3/MATLAB/SUPPOR~1/R2018b/3P778C~1.INS/MBEDLI~1.INS/0F0230~1/TARGET_NUCLEO_F411RE/TOOLCHAIN_GCC_ARM/mbed_retarget.o
                0x08000890                _read
 .text._lseek   0x080008f0       0x3c C:/PROGRA~3/MATLAB/SUPPOR~1/R2018b/3P778C~1.INS/MBEDLI~1.INS/0F0230~1/TARGET_NUCLEO_F411RE/TOOLCHAIN_GCC_ARM/mbed_retarget.o
                0x080008f0                _lseek
 .text.software_init_hook_rtos
                0x0800092c        0x2 C:/PROGRA~3/MATLAB/SUPPOR~1/R2018b/3P778C~1.INS/MBEDLI~1.INS/0F0230~1/TARGET_NUCLEO_F411RE/TOOLCHAIN_GCC_ARM/mbed_retarget.o
                0x0800092c                software_init_hook_rtos
 .text.software_init_hook
                0x0800092e        0xc C:/PROGRA~3/MATLAB/SUPPOR~1/R2018b/3P778C~1.INS/MBEDLI~1.INS/0F0230~1/TARGET_NUCLEO_F411RE/TOOLCHAIN_GCC_ARM/mbed_retarget.o
                0x0800092e                software_init_hook
 *fill*         0x0800093a        0x2 
 .text._sbrk    0x0800093c       0x44 C:/PROGRA~3/MATLAB/SUPPOR~1/R2018b/3P778C~1.INS/MBEDLI~1.INS/0F0230~1/TARGET_NUCLEO_F411RE/TOOLCHAIN_GCC_ARM/mbed_retarget.o
                0x0800093c                _sbrk
 .text._exit    0x08000980       0x24 C:/PROGRA~3/MATLAB/SUPPOR~1/R2018b/3P778C~1.INS/MBEDLI~1.INS/0F0230~1/TARGET_NUCLEO_F411RE/TOOLCHAIN_GCC_ARM/mbed_retarget.o
                0x08000980                _exit
 .text.__rtos_malloc_lock
                0x080009a4        0x2 C:/PROGRA~3/MATLAB/SUPPOR~1/R2018b/3P778C~1.INS/MBEDLI~1.INS/0F0230~1/TARGET_NUCLEO_F411RE/TOOLCHAIN_GCC_ARM/mbed_retarget.o
                0x080009a4                __rtos_malloc_lock
 .text.__rtos_malloc_unlock
                0x080009a6        0x2 C:/PROGRA~3/MATLAB/SUPPOR~1/R2018b/3P778C~1.INS/MBEDLI~1.INS/0F0230~1/TARGET_NUCLEO_F411RE/TOOLCHAIN_GCC_ARM/mbed_retarget.o
                0x080009a6                __rtos_malloc_unlock
 .text.__malloc_lock
                0x080009a8        0x8 C:/PROGRA~3/MATLAB/SUPPOR~1/R2018b/3P778C~1.INS/MBEDLI~1.INS/0F0230~1/TARGET_NUCLEO_F411RE/TOOLCHAIN_GCC_ARM/mbed_retarget.o
                0x080009a8                __malloc_lock
 .text.__malloc_unlock
                0x080009b0        0x8 C:/PROGRA~3/MATLAB/SUPPOR~1/R2018b/3P778C~1.INS/MBEDLI~1.INS/0F0230~1/TARGET_NUCLEO_F411RE/TOOLCHAIN_GCC_ARM/mbed_retarget.o
                0x080009b0                __malloc_unlock
 .text._Znwj    0x080009b8       0x18 C:/PROGRA~3/MATLAB/SUPPOR~1/R2018b/3P778C~1.INS/MBEDLI~1.INS/0F0230~1/TARGET_NUCLEO_F411RE/TOOLCHAIN_GCC_ARM/mbed_retarget.o
                0x080009b8                operator new(unsigned int)
 .text._ZdaPv   0x080009d0        0x8 C:/PROGRA~3/MATLAB/SUPPOR~1/R2018b/3P778C~1.INS/MBEDLI~1.INS/0F0230~1/TARGET_NUCLEO_F411RE/TOOLCHAIN_GCC_ARM/mbed_retarget.o
                0x080009d0                operator delete[](void*)
 .text._ZdlPv   0x080009d8        0x4 C:/PROGRA~3/MATLAB/SUPPOR~1/R2018b/3P778C~1.INS/MBEDLI~1.INS/0F0230~1/TARGET_NUCLEO_F411RE/TOOLCHAIN_GCC_ARM/mbed_retarget.o
                0x080009d8                operator delete(void*)
 .text._ZN12SingletonPtrI13PlatformMutexE3getEv
                0x080009dc       0x2c C:/PROGRA~3/MATLAB/SUPPOR~1/R2018b/3P778C~1.INS/MBEDLI~1.INS/0F0230~1/TARGET_NUCLEO_F411RE/TOOLCHAIN_GCC_ARM/mbed_retarget.o
                0x080009dc                SingletonPtr<PlatformMutex>::get()
 .text.LL_GPIO_SetPinPull
                0x08000a08       0x2c C:/PROGRA~3/MATLAB/SUPPOR~1/R2018b/3P778C~1.INS/MBEDLI~1.INS/0F0230~1/TARGET_NUCLEO_F411RE/TOOLCHAIN_GCC_ARM/pinmap.o
 .text.stm_pin_PullConfig
                0x08000a34        0xe C:/PROGRA~3/MATLAB/SUPPOR~1/R2018b/3P778C~1.INS/MBEDLI~1.INS/0F0230~1/TARGET_NUCLEO_F411RE/TOOLCHAIN_GCC_ARM/pinmap.o
 *fill*         0x08000a42        0x2 
 .text.pin_function
                0x08000a44      0x130 C:/PROGRA~3/MATLAB/SUPPOR~1/R2018b/3P778C~1.INS/MBEDLI~1.INS/0F0230~1/TARGET_NUCLEO_F411RE/TOOLCHAIN_GCC_ARM/pinmap.o
                0x08000a44                pin_function
 .text.pin_mode
                0x08000b74       0x88 C:/PROGRA~3/MATLAB/SUPPOR~1/R2018b/3P778C~1.INS/MBEDLI~1.INS/0F0230~1/TARGET_NUCLEO_F411RE/TOOLCHAIN_GCC_ARM/pinmap.o
                0x08000b74                pin_mode
 .text.pwmout_write
                0x08000bfc       0xb4 C:/PROGRA~3/MATLAB/SUPPOR~1/R2018b/3P778C~1.INS/MBEDLI~1.INS/0F0230~1/TARGET_NUCLEO_F411RE/TOOLCHAIN_GCC_ARM/pwmout_api.o
                0x08000bfc                pwmout_write
 .text.pwmout_read
                0x08000cb0       0x3c C:/PROGRA~3/MATLAB/SUPPOR~1/R2018b/3P778C~1.INS/MBEDLI~1.INS/0F0230~1/TARGET_NUCLEO_F411RE/TOOLCHAIN_GCC_ARM/pwmout_api.o
                0x08000cb0                pwmout_read
 .text.pwmout_period_us
                0x08000cec      0x144 C:/PROGRA~3/MATLAB/SUPPOR~1/R2018b/3P778C~1.INS/MBEDLI~1.INS/0F0230~1/TARGET_NUCLEO_F411RE/TOOLCHAIN_GCC_ARM/pwmout_api.o
                0x08000cec                pwmout_period_us
 .text.pwmout_init
                0x08000e30      0x18c C:/PROGRA~3/MATLAB/SUPPOR~1/R2018b/3P778C~1.INS/MBEDLI~1.INS/0F0230~1/TARGET_NUCLEO_F411RE/TOOLCHAIN_GCC_ARM/pwmout_api.o
                0x08000e30                pwmout_init
 .text.pwmout_period
                0x08000fbc       0x1c C:/PROGRA~3/MATLAB/SUPPOR~1/R2018b/3P778C~1.INS/MBEDLI~1.INS/0F0230~1/TARGET_NUCLEO_F411RE/TOOLCHAIN_GCC_ARM/pwmout_api.o
                0x08000fbc                pwmout_period
 .text.init_uart
                0x08000fd8       0x64 C:/PROGRA~3/MATLAB/SUPPOR~1/R2018b/3P778C~1.INS/MBEDLI~1.INS/0F0230~1/TARGET_NUCLEO_F411RE/TOOLCHAIN_GCC_ARM/serial_api.o
 .text.serial_init
                0x0800103c      0x154 C:/PROGRA~3/MATLAB/SUPPOR~1/R2018b/3P778C~1.INS/MBEDLI~1.INS/0F0230~1/TARGET_NUCLEO_F411RE/TOOLCHAIN_GCC_ARM/serial_api.o
                0x0800103c                serial_init
 .text.serial_baud
                0x08001190        0x6 C:/PROGRA~3/MATLAB/SUPPOR~1/R2018b/3P778C~1.INS/MBEDLI~1.INS/0F0230~1/TARGET_NUCLEO_F411RE/TOOLCHAIN_GCC_ARM/serial_api.o
                0x08001190                serial_baud
 *fill*         0x08001196        0x2 
 .text.serial_readable
                0x08001198       0x14 C:/PROGRA~3/MATLAB/SUPPOR~1/R2018b/3P778C~1.INS/MBEDLI~1.INS/0F0230~1/TARGET_NUCLEO_F411RE/TOOLCHAIN_GCC_ARM/serial_api.o
                0x08001198                serial_readable
 .text.serial_getc
                0x080011ac       0x24 C:/PROGRA~3/MATLAB/SUPPOR~1/R2018b/3P778C~1.INS/MBEDLI~1.INS/0F0230~1/TARGET_NUCLEO_F411RE/TOOLCHAIN_GCC_ARM/serial_api.o
                0x080011ac                serial_getc
 .text.serial_writable
                0x080011d0       0x14 C:/PROGRA~3/MATLAB/SUPPOR~1/R2018b/3P778C~1.INS/MBEDLI~1.INS/0F0230~1/TARGET_NUCLEO_F411RE/TOOLCHAIN_GCC_ARM/serial_api.o
                0x080011d0                serial_writable
 .text.serial_putc
                0x080011e4       0x24 C:/PROGRA~3/MATLAB/SUPPOR~1/R2018b/3P778C~1.INS/MBEDLI~1.INS/0F0230~1/TARGET_NUCLEO_F411RE/TOOLCHAIN_GCC_ARM/serial_api.o
                0x080011e4                serial_putc
 .text.Reset_Handler
                0x08001208       0x34 C:/PROGRA~3/MATLAB/SUPPOR~1/R2018b/3P778C~1.INS/MBEDLI~1.INS/0F0230~1/TARGET_NUCLEO_F411RE/TOOLCHAIN_GCC_ARM/startup_stm32f411xe.o
                0x08001208                Reset_Handler
 .text.Default_Handler
                0x0800123c        0x2 C:/PROGRA~3/MATLAB/SUPPOR~1/R2018b/3P778C~1.INS/MBEDLI~1.INS/0F0230~1/TARGET_NUCLEO_F411RE/TOOLCHAIN_GCC_ARM/startup_stm32f411xe.o
                0x0800123c                RTC_Alarm_IRQHandler
                0x0800123c                EXTI2_IRQHandler
                0x0800123c                DebugMon_Handler
                0x0800123c                SPI4_IRQHandler
                0x0800123c                TIM1_CC_IRQHandler
                0x0800123c                DMA2_Stream5_IRQHandler
                0x0800123c                HardFault_Handler
                0x0800123c                DMA1_Stream5_IRQHandler
                0x0800123c                PVD_IRQHandler
                0x0800123c                SDIO_IRQHandler
                0x0800123c                TAMP_STAMP_IRQHandler
                0x0800123c                PendSV_Handler
                0x0800123c                NMI_Handler
                0x0800123c                EXTI3_IRQHandler
                0x0800123c                TIM1_UP_TIM10_IRQHandler
                0x0800123c                I2C3_ER_IRQHandler
                0x0800123c                EXTI0_IRQHandler
                0x0800123c                I2C2_EV_IRQHandler
                0x0800123c                DMA1_Stream2_IRQHandler
                0x0800123c                FPU_IRQHandler
                0x0800123c                UsageFault_Handler
                0x0800123c                DMA2_Stream2_IRQHandler
                0x0800123c                SPI1_IRQHandler
                0x0800123c                TIM1_BRK_TIM9_IRQHandler
                0x0800123c                DMA2_Stream3_IRQHandler
                0x0800123c                USART6_IRQHandler
                0x0800123c                DMA2_Stream0_IRQHandler
                0x0800123c                TIM4_IRQHandler
                0x0800123c                I2C1_EV_IRQHandler
                0x0800123c                DMA1_Stream6_IRQHandler
                0x0800123c                DMA1_Stream1_IRQHandler
                0x0800123c                TIM3_IRQHandler
                0x0800123c                RCC_IRQHandler
                0x0800123c                Default_Handler
                0x0800123c                EXTI15_10_IRQHandler
                0x0800123c                ADC_IRQHandler
                0x0800123c                DMA1_Stream7_IRQHandler
                0x0800123c                SPI5_IRQHandler
                0x0800123c                TIM5_IRQHandler
                0x0800123c                DMA2_Stream7_IRQHandler
                0x0800123c                I2C3_EV_IRQHandler
                0x0800123c                EXTI9_5_IRQHandler
                0x0800123c                RTC_WKUP_IRQHandler
                0x0800123c                SPI2_IRQHandler
                0x0800123c                MemManage_Handler
                0x0800123c                DMA1_Stream0_IRQHandler
                0x0800123c                EXTI4_IRQHandler
                0x0800123c                WWDG_IRQHandler
                0x0800123c                TIM2_IRQHandler
                0x0800123c                OTG_FS_WKUP_IRQHandler
                0x0800123c                TIM1_TRG_COM_TIM11_IRQHandler
                0x0800123c                EXTI1_IRQHandler
                0x0800123c                USART2_IRQHandler
                0x0800123c                I2C2_ER_IRQHandler
                0x0800123c                DMA2_Stream1_IRQHandler
                0x0800123c                FLASH_IRQHandler
                0x0800123c                DMA2_Stream4_IRQHandler
                0x0800123c                BusFault_Handler
                0x0800123c                USART1_IRQHandler
                0x0800123c                OTG_FS_IRQHandler
                0x0800123c                SPI3_IRQHandler
                0x0800123c                DMA1_Stream4_IRQHandler
                0x0800123c                I2C1_ER_IRQHandler
                0x0800123c                DMA2_Stream6_IRQHandler
                0x0800123c                DMA1_Stream3_IRQHandler
 *fill*         0x0800123e        0x2 
 .text.HAL_Init
                0x08001240       0x30 C:/PROGRA~3/MATLAB/SUPPOR~1/R2018b/3P778C~1.INS/MBEDLI~1.INS/0F0230~1/TARGET_NUCLEO_F411RE/TOOLCHAIN_GCC_ARM/stm32f4xx_hal.o
                0x08001240                HAL_Init
 .text.HAL_IncTick
                0x08001270       0x10 C:/PROGRA~3/MATLAB/SUPPOR~1/R2018b/3P778C~1.INS/MBEDLI~1.INS/0F0230~1/TARGET_NUCLEO_F411RE/TOOLCHAIN_GCC_ARM/stm32f4xx_hal.o
                0x08001270                HAL_IncTick
 .text.HAL_GetTick
                0x08001280        0xc C:/PROGRA~3/MATLAB/SUPPOR~1/R2018b/3P778C~1.INS/MBEDLI~1.INS/0F0230~1/TARGET_NUCLEO_F411RE/TOOLCHAIN_GCC_ARM/stm32f4xx_hal.o
                0x08001280                HAL_GetTick
 .text.HAL_ADC_MspInit
                0x0800128c        0x2 C:/PROGRA~3/MATLAB/SUPPOR~1/R2018b/3P778C~1.INS/MBEDLI~1.INS/0F0230~1/TARGET_NUCLEO_F411RE/TOOLCHAIN_GCC_ARM/stm32f4xx_hal_adc.o
                0x0800128c                HAL_ADC_MspInit
 *fill*         0x0800128e        0x2 
 .text.HAL_ADC_Init
                0x08001290      0x154 C:/PROGRA~3/MATLAB/SUPPOR~1/R2018b/3P778C~1.INS/MBEDLI~1.INS/0F0230~1/TARGET_NUCLEO_F411RE/TOOLCHAIN_GCC_ARM/stm32f4xx_hal_adc.o
                0x08001290                HAL_ADC_Init
 .text.HAL_ADC_Start
                0x080013e4       0xc0 C:/PROGRA~3/MATLAB/SUPPOR~1/R2018b/3P778C~1.INS/MBEDLI~1.INS/0F0230~1/TARGET_NUCLEO_F411RE/TOOLCHAIN_GCC_ARM/stm32f4xx_hal_adc.o
                0x080013e4                HAL_ADC_Start
 .text.HAL_ADC_PollForConversion
                0x080014a4       0xa0 C:/PROGRA~3/MATLAB/SUPPOR~1/R2018b/3P778C~1.INS/MBEDLI~1.INS/0F0230~1/TARGET_NUCLEO_F411RE/TOOLCHAIN_GCC_ARM/stm32f4xx_hal_adc.o
                0x080014a4                HAL_ADC_PollForConversion
 .text.HAL_ADC_GetValue
                0x08001544        0x6 C:/PROGRA~3/MATLAB/SUPPOR~1/R2018b/3P778C~1.INS/MBEDLI~1.INS/0F0230~1/TARGET_NUCLEO_F411RE/TOOLCHAIN_GCC_ARM/stm32f4xx_hal_adc.o
                0x08001544                HAL_ADC_GetValue
 *fill*         0x0800154a        0x2 
 .text.HAL_ADC_ConfigChannel
                0x0800154c      0x130 C:/PROGRA~3/MATLAB/SUPPOR~1/R2018b/3P778C~1.INS/MBEDLI~1.INS/0F0230~1/TARGET_NUCLEO_F411RE/TOOLCHAIN_GCC_ARM/stm32f4xx_hal_adc.o
                0x0800154c                HAL_ADC_ConfigChannel
 .text.HAL_MspInit
                0x0800167c        0x2 C:/PROGRA~3/MATLAB/SUPPOR~1/R2018b/3P778C~1.INS/MBEDLI~1.INS/0F0230~1/TARGET_NUCLEO_F411RE/TOOLCHAIN_GCC_ARM/stm32f4xx_hal_msp_template.o
                0x0800167c                HAL_MspInit
 *fill*         0x0800167e        0x2 
 .text.HAL_RCC_OscConfig
                0x08001680      0x2e0 C:/PROGRA~3/MATLAB/SUPPOR~1/R2018b/3P778C~1.INS/MBEDLI~1.INS/0F0230~1/TARGET_NUCLEO_F411RE/TOOLCHAIN_GCC_ARM/stm32f4xx_hal_rcc.o
                0x08001680                HAL_RCC_OscConfig
 .text.HAL_RCC_GetSysClockFreq
                0x08001960       0x74 C:/PROGRA~3/MATLAB/SUPPOR~1/R2018b/3P778C~1.INS/MBEDLI~1.INS/0F0230~1/TARGET_NUCLEO_F411RE/TOOLCHAIN_GCC_ARM/stm32f4xx_hal_rcc.o
                0x08001960                HAL_RCC_GetSysClockFreq
 .text.HAL_RCC_ClockConfig
                0x080019d4      0x16c C:/PROGRA~3/MATLAB/SUPPOR~1/R2018b/3P778C~1.INS/MBEDLI~1.INS/0F0230~1/TARGET_NUCLEO_F411RE/TOOLCHAIN_GCC_ARM/stm32f4xx_hal_rcc.o
                0x080019d4                HAL_RCC_ClockConfig
 .text.HAL_RCC_GetPCLK1Freq
                0x08001b40       0x30 C:/PROGRA~3/MATLAB/SUPPOR~1/R2018b/3P778C~1.INS/MBEDLI~1.INS/0F0230~1/TARGET_NUCLEO_F411RE/TOOLCHAIN_GCC_ARM/stm32f4xx_hal_rcc.o
                0x08001b40                HAL_RCC_GetPCLK1Freq
 .text.HAL_RCC_GetPCLK2Freq
                0x08001b70       0x30 C:/PROGRA~3/MATLAB/SUPPOR~1/R2018b/3P778C~1.INS/MBEDLI~1.INS/0F0230~1/TARGET_NUCLEO_F411RE/TOOLCHAIN_GCC_ARM/stm32f4xx_hal_rcc.o
                0x08001b70                HAL_RCC_GetPCLK2Freq
 .text.HAL_RCC_GetClockConfig
                0x08001ba0       0x3c C:/PROGRA~3/MATLAB/SUPPOR~1/R2018b/3P778C~1.INS/MBEDLI~1.INS/0F0230~1/TARGET_NUCLEO_F411RE/TOOLCHAIN_GCC_ARM/stm32f4xx_hal_rcc.o
                0x08001ba0                HAL_RCC_GetClockConfig
 .text.TIM_OC1_SetConfig
                0x08001bdc       0x50 C:/PROGRA~3/MATLAB/SUPPOR~1/R2018b/3P778C~1.INS/MBEDLI~1.INS/0F0230~1/TARGET_NUCLEO_F411RE/TOOLCHAIN_GCC_ARM/stm32f4xx_hal_tim.o
 .text.TIM_OC3_SetConfig
                0x08001c2c       0x54 C:/PROGRA~3/MATLAB/SUPPOR~1/R2018b/3P778C~1.INS/MBEDLI~1.INS/0F0230~1/TARGET_NUCLEO_F411RE/TOOLCHAIN_GCC_ARM/stm32f4xx_hal_tim.o
 .text.TIM_OC4_SetConfig
                0x08001c80       0x44 C:/PROGRA~3/MATLAB/SUPPOR~1/R2018b/3P778C~1.INS/MBEDLI~1.INS/0F0230~1/TARGET_NUCLEO_F411RE/TOOLCHAIN_GCC_ARM/stm32f4xx_hal_tim.o
 .text.HAL_TIM_OC_MspInit
                0x08001cc4        0x2 C:/PROGRA~3/MATLAB/SUPPOR~1/R2018b/3P778C~1.INS/MBEDLI~1.INS/0F0230~1/TARGET_NUCLEO_F411RE/TOOLCHAIN_GCC_ARM/stm32f4xx_hal_tim.o
                0x08001cc4                HAL_TIM_OC_MspInit
 .text.HAL_TIM_PWM_MspInit
                0x08001cc6        0x2 C:/PROGRA~3/MATLAB/SUPPOR~1/R2018b/3P778C~1.INS/MBEDLI~1.INS/0F0230~1/TARGET_NUCLEO_F411RE/TOOLCHAIN_GCC_ARM/stm32f4xx_hal_tim.o
                0x08001cc6                HAL_TIM_PWM_MspInit
 .text.TIM_Base_SetConfig
                0x08001cc8       0x98 C:/PROGRA~3/MATLAB/SUPPOR~1/R2018b/3P778C~1.INS/MBEDLI~1.INS/0F0230~1/TARGET_NUCLEO_F411RE/TOOLCHAIN_GCC_ARM/stm32f4xx_hal_tim.o
                0x08001cc8                TIM_Base_SetConfig
 .text.HAL_TIM_OC_Init
                0x08001d60       0x34 C:/PROGRA~3/MATLAB/SUPPOR~1/R2018b/3P778C~1.INS/MBEDLI~1.INS/0F0230~1/TARGET_NUCLEO_F411RE/TOOLCHAIN_GCC_ARM/stm32f4xx_hal_tim.o
                0x08001d60                HAL_TIM_OC_Init
 .text.HAL_TIM_PWM_Init
                0x08001d94       0x34 C:/PROGRA~3/MATLAB/SUPPOR~1/R2018b/3P778C~1.INS/MBEDLI~1.INS/0F0230~1/TARGET_NUCLEO_F411RE/TOOLCHAIN_GCC_ARM/stm32f4xx_hal_tim.o
                0x08001d94                HAL_TIM_PWM_Init
 .text.TIM_OC2_SetConfig
                0x08001dc8       0x58 C:/PROGRA~3/MATLAB/SUPPOR~1/R2018b/3P778C~1.INS/MBEDLI~1.INS/0F0230~1/TARGET_NUCLEO_F411RE/TOOLCHAIN_GCC_ARM/stm32f4xx_hal_tim.o
                0x08001dc8                TIM_OC2_SetConfig
 .text.HAL_TIM_PWM_ConfigChannel
                0x08001e20       0xc4 C:/PROGRA~3/MATLAB/SUPPOR~1/R2018b/3P778C~1.INS/MBEDLI~1.INS/0F0230~1/TARGET_NUCLEO_F411RE/TOOLCHAIN_GCC_ARM/stm32f4xx_hal_tim.o
                0x08001e20                HAL_TIM_PWM_ConfigChannel
 .text.TIM_CCxChannelCmd
                0x08001ee4       0x18 C:/PROGRA~3/MATLAB/SUPPOR~1/R2018b/3P778C~1.INS/MBEDLI~1.INS/0F0230~1/TARGET_NUCLEO_F411RE/TOOLCHAIN_GCC_ARM/stm32f4xx_hal_tim.o
                0x08001ee4                TIM_CCxChannelCmd
 .text.HAL_TIM_PWM_Start
                0x08001efc       0x2c C:/PROGRA~3/MATLAB/SUPPOR~1/R2018b/3P778C~1.INS/MBEDLI~1.INS/0F0230~1/TARGET_NUCLEO_F411RE/TOOLCHAIN_GCC_ARM/stm32f4xx_hal_tim.o
                0x08001efc                HAL_TIM_PWM_Start
 .text.HAL_TIM_OC_Start
                0x08001f28        0x4 C:/PROGRA~3/MATLAB/SUPPOR~1/R2018b/3P778C~1.INS/MBEDLI~1.INS/0F0230~1/TARGET_NUCLEO_F411RE/TOOLCHAIN_GCC_ARM/stm32f4xx_hal_tim.o
                0x08001f28                HAL_TIM_OC_Start
 .text.TIM_CCxNChannelCmd
                0x08001f2c       0x18 C:/PROGRA~3/MATLAB/SUPPOR~1/R2018b/3P778C~1.INS/MBEDLI~1.INS/0F0230~1/TARGET_NUCLEO_F411RE/TOOLCHAIN_GCC_ARM/stm32f4xx_hal_tim_ex.o
 .text.HAL_TIMEx_PWMN_Start
                0x08001f44       0x22 C:/PROGRA~3/MATLAB/SUPPOR~1/R2018b/3P778C~1.INS/MBEDLI~1.INS/0F0230~1/TARGET_NUCLEO_F411RE/TOOLCHAIN_GCC_ARM/stm32f4xx_hal_tim_ex.o
                0x08001f44                HAL_TIMEx_PWMN_Start
 *fill*         0x08001f66        0x2 
 .text.UART_SetConfig
                0x08001f68      0x234 C:/PROGRA~3/MATLAB/SUPPOR~1/R2018b/3P778C~1.INS/MBEDLI~1.INS/0F0230~1/TARGET_NUCLEO_F411RE/TOOLCHAIN_GCC_ARM/stm32f4xx_hal_uart.o
 .text.HAL_UART_MspInit
                0x0800219c        0x2 C:/PROGRA~3/MATLAB/SUPPOR~1/R2018b/3P778C~1.INS/MBEDLI~1.INS/0F0230~1/TARGET_NUCLEO_F411RE/TOOLCHAIN_GCC_ARM/stm32f4xx_hal_uart.o
                0x0800219c                HAL_UART_MspInit
 .text.HAL_UART_Init
                0x0800219e       0x5c C:/PROGRA~3/MATLAB/SUPPOR~1/R2018b/3P778C~1.INS/MBEDLI~1.INS/0F0230~1/TARGET_NUCLEO_F411RE/TOOLCHAIN_GCC_ARM/stm32f4xx_hal_uart.o
                0x0800219e                HAL_UART_Init
 .text.SetSysClock_PLL_HSI.part.1
                0x080021fa       0x2a C:/PROGRA~3/MATLAB/SUPPOR~1/R2018b/3P778C~1.INS/MBEDLI~1.INS/0F0230~1/TARGET_NUCLEO_F411RE/TOOLCHAIN_GCC_ARM/system_stm32f4xx.o
 .text.SystemCoreClockUpdate
                0x08002224       0x74 C:/PROGRA~3/MATLAB/SUPPOR~1/R2018b/3P778C~1.INS/MBEDLI~1.INS/0F0230~1/TARGET_NUCLEO_F411RE/TOOLCHAIN_GCC_ARM/system_stm32f4xx.o
                0x08002224                SystemCoreClockUpdate
 .text.SetSysClock_PLL_HSE
                0x08002298       0x7c C:/PROGRA~3/MATLAB/SUPPOR~1/R2018b/3P778C~1.INS/MBEDLI~1.INS/0F0230~1/TARGET_NUCLEO_F411RE/TOOLCHAIN_GCC_ARM/system_stm32f4xx.o
                0x08002298                SetSysClock_PLL_HSE
 .text.SetSysClock_PLL_HSI
                0x08002314       0x78 C:/PROGRA~3/MATLAB/SUPPOR~1/R2018b/3P778C~1.INS/MBEDLI~1.INS/0F0230~1/TARGET_NUCLEO_F411RE/TOOLCHAIN_GCC_ARM/system_stm32f4xx.o
                0x08002314                SetSysClock_PLL_HSI
 .text.SetSysClock
                0x0800238c       0x1a C:/PROGRA~3/MATLAB/SUPPOR~1/R2018b/3P778C~1.INS/MBEDLI~1.INS/0F0230~1/TARGET_NUCLEO_F411RE/TOOLCHAIN_GCC_ARM/system_stm32f4xx.o
                0x0800238c                SetSysClock
 *fill*         0x080023a6        0x2 
 .text.SystemInit
                0x080023a8       0x74 C:/PROGRA~3/MATLAB/SUPPOR~1/R2018b/3P778C~1.INS/MBEDLI~1.INS/0F0230~1/TARGET_NUCLEO_F411RE/TOOLCHAIN_GCC_ARM/system_stm32f4xx.o
                0x080023a8                SystemInit
 .text.us_ticker_init
                0x0800241c       0x24 C:/PROGRA~3/MATLAB/SUPPOR~1/R2018b/3P778C~1.INS/MBEDLI~1.INS/0F0230~1/TARGET_NUCLEO_F411RE/TOOLCHAIN_GCC_ARM/us_ticker_32b.o
                0x0800241c                us_ticker_init
 .text.us_ticker_read
                0x08002440       0x1c C:/PROGRA~3/MATLAB/SUPPOR~1/R2018b/3P778C~1.INS/MBEDLI~1.INS/0F0230~1/TARGET_NUCLEO_F411RE/TOOLCHAIN_GCC_ARM/us_ticker_32b.o
                0x08002440                us_ticker_read
 .text.us_ticker_set_interrupt
                0x0800245c       0x1c C:/PROGRA~3/MATLAB/SUPPOR~1/R2018b/3P778C~1.INS/MBEDLI~1.INS/0F0230~1/TARGET_NUCLEO_F411RE/TOOLCHAIN_GCC_ARM/us_ticker_32b.o
                0x0800245c                us_ticker_set_interrupt
 .text.us_ticker_disable_interrupt
                0x08002478       0x18 C:/PROGRA~3/MATLAB/SUPPOR~1/R2018b/3P778C~1.INS/MBEDLI~1.INS/0F0230~1/TARGET_NUCLEO_F411RE/TOOLCHAIN_GCC_ARM/us_ticker_32b.o
                0x08002478                us_ticker_disable_interrupt
 .text.us_ticker_clear_interrupt
                0x08002490       0x18 C:/PROGRA~3/MATLAB/SUPPOR~1/R2018b/3P778C~1.INS/MBEDLI~1.INS/0F0230~1/TARGET_NUCLEO_F411RE/TOOLCHAIN_GCC_ARM/us_ticker_32b.o
                0x08002490                us_ticker_clear_interrupt
 .text._ZN13PlatformMutex4lockEv
                0x080024a8        0xa MW_AnalogInput.o
                0x080024a8                PlatformMutex::lock()
 .text._ZN13PlatformMutex6unlockEv
                0x080024b2        0xa MW_AnalogInput.o
                0x080024b2                PlatformMutex::unlock()
 .text._ZN4mbed8AnalogInC2E7PinName
                0x080024bc       0x3c MW_AnalogInput.o
                0x080024bc                mbed::AnalogIn::AnalogIn(PinName)
                0x080024bc                mbed::AnalogIn::AnalogIn(PinName)
 .text._ZN4mbed8AnalogIn4readEv
                0x080024f8       0x34 MW_AnalogInput.o
                0x080024f8                mbed::AnalogIn::read()
 .text._ZN4mbed8AnalogInD2Ev
                0x0800252c       0x18 MW_AnalogInput.o
                0x0800252c                mbed::AnalogIn::~AnalogIn()
                0x0800252c                mbed::AnalogIn::~AnalogIn()
 .text._ZN4mbed8AnalogInD0Ev
                0x08002544       0x1c MW_AnalogInput.o
                0x08002544                mbed::AnalogIn::~AnalogIn()
 .text._ZN4mbed8AnalogIn4lockEv
                0x08002560       0x20 MW_AnalogInput.o
                0x08002560                mbed::AnalogIn::lock()
 .text._ZN4mbed8AnalogIn6unlockEv
                0x08002580       0x20 MW_AnalogInput.o
                0x08002580                mbed::AnalogIn::unlock()
 .text.MW_AnalogInSingle_Open
                0x080025a0       0xb0 MW_AnalogInput.o
                0x080025a0                MW_AnalogInSingle_Open
 .text.MW_AnalogIn_SetTriggerSource
                0x08002650       0x12 MW_AnalogInput.o
                0x08002650                MW_AnalogIn_SetTriggerSource
 .text.MW_AnalogInSingle_ReadResult
                0x08002662       0x50 MW_AnalogInput.o
                0x08002662                MW_AnalogInSingle_ReadResult
 .text.MW_AnalogIn_Start
                0x080026b2        0xa MW_AnalogInput.o
                0x080026b2                MW_AnalogIn_Start
 .text._ZN12SingletonPtrI13PlatformMutexEptEv
                0x080026bc       0x16 MW_AnalogInput.o
                0x080026bc                SingletonPtr<PlatformMutex>::operator->()
 .text._ZN4mbed6PwmOutC2E7PinName
                0x080026d2       0x2c MW_PWM.o
                0x080026d2                mbed::PwmOut::PwmOut(PinName)
                0x080026d2                mbed::PwmOut::PwmOut(PinName)
 .text._ZN4mbed6PwmOut5writeEf
                0x080026fe       0x22 MW_PWM.o
                0x080026fe                mbed::PwmOut::write(float)
 .text._ZN4mbed6PwmOut6periodEf
                0x08002720       0x22 MW_PWM.o
                0x08002720                mbed::PwmOut::period(float)
 .text._ZN6mw_pwmC2E7PinName
                0x08002742       0x24 MW_PWM.o
                0x08002742                mw_pwm::mw_pwm(PinName)
                0x08002742                mw_pwm::mw_pwm(PinName)
 *fill*         0x08002766        0x2 
 .text.MW_PWM_Open
                0x08002768      0x12c MW_PWM.o
                0x08002768                MW_PWM_Open
 .text.MW_PWM_Start
                0x08002894        0xa MW_PWM.o
                0x08002894                MW_PWM_Start
 *fill*         0x0800289e        0x2 
 .text.MW_PWM_SetDutyCycle
                0x080028a0       0x50 MW_PWM.o
                0x080028a0                MW_PWM_SetDutyCycle
 .text.gpio_write
                0x080028f0       0x2a MW_digitalIO.o
 .text.gpio_read
                0x0800291a       0x20 MW_digitalIO.o
 .text._ZN4mbed9DigitalInC2E7PinName
                0x0800293a       0x38 MW_digitalIO.o
                0x0800293a                mbed::DigitalIn::DigitalIn(PinName)
                0x0800293a                mbed::DigitalIn::DigitalIn(PinName)
 .text._ZN4mbed9DigitalIn4readEv
                0x08002972       0x18 MW_digitalIO.o
                0x08002972                mbed::DigitalIn::read()
 .text._ZN4mbed10DigitalOutC2E7PinName
                0x0800298a       0x38 MW_digitalIO.o
                0x0800298a                mbed::DigitalOut::DigitalOut(PinName)
                0x0800298a                mbed::DigitalOut::DigitalOut(PinName)
 .text._ZN4mbed10DigitalOut5writeEi
                0x080029c2       0x1a MW_digitalIO.o
                0x080029c2                mbed::DigitalOut::write(int)
 .text.MW_digitalIO_open
                0x080029dc      0x14c MW_digitalIO.o
                0x080029dc                MW_digitalIO_open
 .text.MW_digitalIO_read
                0x08002b28       0x34 MW_digitalIO.o
                0x08002b28                MW_digitalIO_read
 .text.MW_digitalIO_write
                0x08002b5c       0x2e MW_digitalIO.o
                0x08002b5c                MW_digitalIO_write
 *fill*         0x08002b8a        0x2 
 .text.__NVIC_SetPriority
                0x08002b8c       0x50 SysTickScheduler.o
 .text.SysTick_Config
                0x08002bdc       0x40 SysTickScheduler.o
 .text.SysTick_Isr
                0x08002c1c       0x40 SysTickScheduler.o
 .text.SysTick_Handler
                0x08002c5c        0xa SysTickScheduler.o
                0x08002c5c                SysTick_Handler
 *fill*         0x08002c66        0x2 
 .text.ARMCM_SysTick_Config
                0x08002c68       0x88 SysTickScheduler.o
                0x08002c68                ARMCM_SysTick_Config
 .text.rt_OneStep
                0x08002cf0       0x44 ert_main.o
                0x08002cf0                rt_OneStep
 .text.main     0x08002d34       0x94 ert_main.o
                0x08002d34                main
 .text.SVC_Handler
                0x08002dc8       0x58 m3m4m4f_multitasking.o
                0x08002dc8                SVC_Handler
 .text.rtGetInf
                0x08002e20       0x50 motoraiHIL.o
                0x08002e20                rtGetInf
 .text.rtGetInfF
                0x08002e70       0x10 motoraiHIL.o
                0x08002e70                rtGetInfF
 .text.rtGetMinusInf
                0x08002e80       0x50 motoraiHIL.o
                0x08002e80                rtGetMinusInf
 .text.rtGetMinusInfF
                0x08002ed0       0x14 motoraiHIL.o
                0x08002ed0                rtGetMinusInfF
 .text.rtGetNaN
                0x08002ee4       0x50 motoraiHIL.o
                0x08002ee4                rtGetNaN
 .text.rtGetNaNF
                0x08002f34       0x18 motoraiHIL.o
                0x08002f34                rtGetNaNF
 .text.rt_InitInfAndNaN
                0x08002f4c       0x6c motoraiHIL.o
                0x08002f4c                rt_InitInfAndNaN
 .text.rtIsInf  0x08002fb8       0x4c motoraiHIL.o
                0x08002fb8                rtIsInf
 .text.rtIsNaN  0x08003004       0x6c motoraiHIL.o
                0x08003004                rtIsNaN
 .text.rtIsNaNF
                0x08003070       0x2c motoraiHIL.o
                0x08003070                rtIsNaNF
 .text.rate_scheduler
                0x0800309c       0x20 motoraiHIL.o
 .text.MWDSP_EPH_R_B
                0x080030bc       0xe0 motoraiHIL.o
                0x080030bc                MWDSP_EPH_R_B
 .text.rt_powd_snf
                0x0800319c      0x22c motoraiHIL.o
                0x0800319c                rt_powd_snf
 .text.inv      0x080033c8      0x234 motoraiHIL.o
 .text.xnrm2    0x080035fc      0x15c motoraiHIL.o
 .text.rt_hypotd_snf_a
                0x08003758      0x1a0 motoraiHIL.o
 .text.xzlarf   0x080038f8      0x334 motoraiHIL.o
 .text.xgehrd   0x08003c2c     0x1720 motoraiHIL.o
 .text.xnrm2_g  0x0800534c      0x1f4 motoraiHIL.o
 .text.xzlarfg  0x08005540      0x3bc motoraiHIL.o
 .text.xdlanv2  0x080058fc      0xfe8 motoraiHIL.o
 .text.xrot     0x080068e4      0x104 motoraiHIL.o
 .text.xrot_k   0x080069e8       0xfc motoraiHIL.o
 .text.xrot_kc  0x08006ae4      0x338 motoraiHIL.o
 .text.eml_dlahqr
                0x08006e1c     0x1f78 motoraiHIL.o
 .text.schur    0x08008d94      0x69c motoraiHIL.o
 .text.motoraiHIL_step
                0x08009430     0x9700 motoraiHIL.o
                0x08009430                motoraiHIL_step
 .text.motoraiHIL_initialize
                0x08012b30      0x358 motoraiHIL.o
                0x08012b30                motoraiHIL_initialize
 .text._gpio_init_in
                0x08012e88       0x26 C:/ProgramData/MATLAB/SupportPackages/R2018b/3P.instrset/mbedlibrary-stm.instrset/0f02307a0877/TARGET_NUCLEO_F411RE/TOOLCHAIN_GCC_ARM/libmbed.a(mbed_gpio.o)
 .text._gpio_init_out.part.2
                0x08012eae       0x28 C:/ProgramData/MATLAB/SupportPackages/R2018b/3P.instrset/mbedlibrary-stm.instrset/0f02307a0877/TARGET_NUCLEO_F411RE/TOOLCHAIN_GCC_ARM/libmbed.a(mbed_gpio.o)
 .text.gpio_init_in
                0x08012ed6        0x6 C:/ProgramData/MATLAB/SupportPackages/R2018b/3P.instrset/mbedlibrary-stm.instrset/0f02307a0877/TARGET_NUCLEO_F411RE/TOOLCHAIN_GCC_ARM/libmbed.a(mbed_gpio.o)
                0x08012ed6                gpio_init_in
 .text.gpio_init_out_ex
                0x08012edc       0x20 C:/ProgramData/MATLAB/SupportPackages/R2018b/3P.instrset/mbedlibrary-stm.instrset/0f02307a0877/TARGET_NUCLEO_F411RE/TOOLCHAIN_GCC_ARM/libmbed.a(mbed_gpio.o)
                0x08012edc                gpio_init_out_ex
 .text.gpio_init_out
                0x08012efc        0x6 C:/ProgramData/MATLAB/SupportPackages/R2018b/3P.instrset/mbedlibrary-stm.instrset/0f02307a0877/TARGET_NUCLEO_F411RE/TOOLCHAIN_GCC_ARM/libmbed.a(mbed_gpio.o)
                0x08012efc                gpio_init_out
 *fill*         0x08012f02        0x2 
 .text.us_ticker_irq_handler
                0x08012f04        0xc C:/ProgramData/MATLAB/SupportPackages/R2018b/3P.instrset/mbedlibrary-stm.instrset/0f02307a0877/TARGET_NUCLEO_F411RE/TOOLCHAIN_GCC_ARM/libmbed.a(mbed_us_ticker_api.o)
                0x08012f04                us_ticker_irq_handler
 .text.mbed_assert_internal
                0x08012f10       0x24 C:/ProgramData/MATLAB/SupportPackages/R2018b/3P.instrset/mbedlibrary-stm.instrset/0f02307a0877/TARGET_NUCLEO_F411RE/TOOLCHAIN_GCC_ARM/libmbed.a(mbed_assert.o)
                0x08012f10                mbed_assert_internal
 .text.pinmap_pinout
                0x08012f34       0x3c C:/ProgramData/MATLAB/SupportPackages/R2018b/3P.instrset/mbedlibrary-stm.instrset/0f02307a0877/TARGET_NUCLEO_F411RE/TOOLCHAIN_GCC_ARM/libmbed.a(mbed_pinmap_common.o)
                0x08012f34                pinmap_pinout
 .text.pinmap_merge
                0x08012f70       0x24 C:/ProgramData/MATLAB/SupportPackages/R2018b/3P.instrset/mbedlibrary-stm.instrset/0f02307a0877/TARGET_NUCLEO_F411RE/TOOLCHAIN_GCC_ARM/libmbed.a(mbed_pinmap_common.o)
                0x08012f70                pinmap_merge
 .text.pinmap_find_peripheral
                0x08012f94       0x18 C:/ProgramData/MATLAB/SupportPackages/R2018b/3P.instrset/mbedlibrary-stm.instrset/0f02307a0877/TARGET_NUCLEO_F411RE/TOOLCHAIN_GCC_ARM/libmbed.a(mbed_pinmap_common.o)
                0x08012f94                pinmap_find_peripheral
 .text.pinmap_peripheral
                0x08012fac       0x20 C:/ProgramData/MATLAB/SupportPackages/R2018b/3P.instrset/mbedlibrary-stm.instrset/0f02307a0877/TARGET_NUCLEO_F411RE/TOOLCHAIN_GCC_ARM/libmbed.a(mbed_pinmap_common.o)
                0x08012fac                pinmap_peripheral
 .text.pinmap_find_function
                0x08012fcc       0x18 C:/ProgramData/MATLAB/SupportPackages/R2018b/3P.instrset/mbedlibrary-stm.instrset/0f02307a0877/TARGET_NUCLEO_F411RE/TOOLCHAIN_GCC_ARM/libmbed.a(mbed_pinmap_common.o)
                0x08012fcc                pinmap_find_function
 .text.pinmap_function
                0x08012fe4       0x20 C:/ProgramData/MATLAB/SupportPackages/R2018b/3P.instrset/mbedlibrary-stm.instrset/0f02307a0877/TARGET_NUCLEO_F411RE/TOOLCHAIN_GCC_ARM/libmbed.a(mbed_pinmap_common.o)
                0x08012fe4                pinmap_function
 .text.ticker_irq_handler
                0x08013004       0x46 C:/ProgramData/MATLAB/SupportPackages/R2018b/3P.instrset/mbedlibrary-stm.instrset/0f02307a0877/TARGET_NUCLEO_F411RE/TOOLCHAIN_GCC_ARM/libmbed.a(mbed_ticker_api.o)
                0x08013004                ticker_irq_handler
 .text.error    0x0801304a       0x16 C:/ProgramData/MATLAB/SupportPackages/R2018b/3P.instrset/mbedlibrary-stm.instrset/0f02307a0877/TARGET_NUCLEO_F411RE/TOOLCHAIN_GCC_ARM/libmbed.a(mbed_error.o)
                0x0801304a                error
 .text.core_util_are_interrupts_enabled
                0x08013060        0xc C:/ProgramData/MATLAB/SupportPackages/R2018b/3P.instrset/mbedlibrary-stm.instrset/0f02307a0877/TARGET_NUCLEO_F411RE/TOOLCHAIN_GCC_ARM/libmbed.a(mbed_critical.o)
                0x08013060                core_util_are_interrupts_enabled
 .text.core_util_critical_section_enter
                0x0801306c       0x58 C:/ProgramData/MATLAB/SupportPackages/R2018b/3P.instrset/mbedlibrary-stm.instrset/0f02307a0877/TARGET_NUCLEO_F411RE/TOOLCHAIN_GCC_ARM/libmbed.a(mbed_critical.o)
                0x0801306c                core_util_critical_section_enter
 .text.core_util_critical_section_exit
                0x080130c4       0x3c C:/ProgramData/MATLAB/SupportPackages/R2018b/3P.instrset/mbedlibrary-stm.instrset/0f02307a0877/TARGET_NUCLEO_F411RE/TOOLCHAIN_GCC_ARM/libmbed.a(mbed_critical.o)
                0x080130c4                core_util_critical_section_exit
 .text.wait_us  0x08013100       0x16 C:/ProgramData/MATLAB/SupportPackages/R2018b/3P.instrset/mbedlibrary-stm.instrset/0f02307a0877/TARGET_NUCLEO_F411RE/TOOLCHAIN_GCC_ARM/libmbed.a(mbed_wait_api_no_rtos.o)
                0x08013100                wait_us
 .text.wait_ms  0x08013116        0xa C:/ProgramData/MATLAB/SupportPackages/R2018b/3P.instrset/mbedlibrary-stm.instrset/0f02307a0877/TARGET_NUCLEO_F411RE/TOOLCHAIN_GCC_ARM/libmbed.a(mbed_wait_api_no_rtos.o)
                0x08013116                wait_ms
 .text.fabs     0x08013120        0x8 c:/progra~3/matlab/suppor~1/r2018b/3p778c~1.ins/gnuarm~1.ins/win/bin/../lib/gcc/arm-none-eabi/7.2.1/../../../../arm-none-eabi/lib/thumb/v7e-m/fpv4-sp/softfp\libm.a(lib_a-s_fabs.o)
                0x08013120                fabs
 .text.floor    0x08013128      0x100 c:/progra~3/matlab/suppor~1/r2018b/3p778c~1.ins/gnuarm~1.ins/win/bin/../lib/gcc/arm-none-eabi/7.2.1/../../../../arm-none-eabi/lib/thumb/v7e-m/fpv4-sp/softfp\libm.a(lib_a-s_floor.o)
                0x08013128                floor
 .text.exp      0x08013228       0xf0 c:/progra~3/matlab/suppor~1/r2018b/3p778c~1.ins/gnuarm~1.ins/win/bin/../lib/gcc/arm-none-eabi/7.2.1/../../../../arm-none-eabi/lib/thumb/v7e-m/fpv4-sp/softfp\libm.a(lib_a-w_exp.o)
                0x08013228                exp
 .text.log10    0x08013318      0x100 c:/progra~3/matlab/suppor~1/r2018b/3p778c~1.ins/gnuarm~1.ins/win/bin/../lib/gcc/arm-none-eabi/7.2.1/../../../../arm-none-eabi/lib/thumb/v7e-m/fpv4-sp/softfp\libm.a(lib_a-w_log10.o)
                0x08013318                log10
 .text.pow      0x08013418      0x33c c:/progra~3/matlab/suppor~1/r2018b/3p778c~1.ins/gnuarm~1.ins/win/bin/../lib/gcc/arm-none-eabi/7.2.1/../../../../arm-none-eabi/lib/thumb/v7e-m/fpv4-sp/softfp\libm.a(lib_a-w_pow.o)
                0x08013418                pow
 .text.sqrt     0x08013754       0xbc c:/progra~3/matlab/suppor~1/r2018b/3p778c~1.ins/gnuarm~1.ins/win/bin/../lib/gcc/arm-none-eabi/7.2.1/../../../../arm-none-eabi/lib/thumb/v7e-m/fpv4-sp/softfp\libm.a(lib_a-w_sqrt.o)
                0x08013754                sqrt
 .text.__ieee754_exp
                0x08013810      0x2ec c:/progra~3/matlab/suppor~1/r2018b/3p778c~1.ins/gnuarm~1.ins/win/bin/../lib/gcc/arm-none-eabi/7.2.1/../../../../arm-none-eabi/lib/thumb/v7e-m/fpv4-sp/softfp\libm.a(lib_a-e_exp.o)
                0x08013810                __ieee754_exp
 *fill*         0x08013afc        0x4 
 .text.__ieee754_log10
                0x08013b00      0x114 c:/progra~3/matlab/suppor~1/r2018b/3p778c~1.ins/gnuarm~1.ins/win/bin/../lib/gcc/arm-none-eabi/7.2.1/../../../../arm-none-eabi/lib/thumb/v7e-m/fpv4-sp/softfp\libm.a(lib_a-e_log10.o)
                0x08013b00                __ieee754_log10
 *fill*         0x08013c14        0x4 
 .text.__ieee754_pow
                0x08013c18      0xaa8 c:/progra~3/matlab/suppor~1/r2018b/3p778c~1.ins/gnuarm~1.ins/win/bin/../lib/gcc/arm-none-eabi/7.2.1/../../../../arm-none-eabi/lib/thumb/v7e-m/fpv4-sp/softfp\libm.a(lib_a-e_pow.o)
                0x08013c18                __ieee754_pow
 .text.__ieee754_sqrt
                0x080146c0      0x180 c:/progra~3/matlab/suppor~1/r2018b/3p778c~1.ins/gnuarm~1.ins/win/bin/../lib/gcc/arm-none-eabi/7.2.1/../../../../arm-none-eabi/lib/thumb/v7e-m/fpv4-sp/softfp\libm.a(lib_a-e_sqrt.o)
                0x080146c0                __ieee754_sqrt
 .text.finite   0x08014840        0xc c:/progra~3/matlab/suppor~1/r2018b/3p778c~1.ins/gnuarm~1.ins/win/bin/../lib/gcc/arm-none-eabi/7.2.1/../../../../arm-none-eabi/lib/thumb/v7e-m/fpv4-sp/softfp\libm.a(lib_a-s_finite.o)
                0x08014840                finite
 .text.matherr  0x0801484c        0x4 c:/progra~3/matlab/suppor~1/r2018b/3p778c~1.ins/gnuarm~1.ins/win/bin/../lib/gcc/arm-none-eabi/7.2.1/../../../../arm-none-eabi/lib/thumb/v7e-m/fpv4-sp/softfp\libm.a(lib_a-s_matherr.o)
                0x0801484c                matherr
 .text.nan      0x08014850        0xc c:/progra~3/matlab/suppor~1/r2018b/3p778c~1.ins/gnuarm~1.ins/win/bin/../lib/gcc/arm-none-eabi/7.2.1/../../../../arm-none-eabi/lib/thumb/v7e-m/fpv4-sp/softfp\libm.a(lib_a-s_nan.o)
                0x08014850                nan
 .text.rint     0x0801485c      0x11c c:/progra~3/matlab/suppor~1/r2018b/3p778c~1.ins/gnuarm~1.ins/win/bin/../lib/gcc/arm-none-eabi/7.2.1/../../../../arm-none-eabi/lib/thumb/v7e-m/fpv4-sp/softfp\libm.a(lib_a-s_rint.o)
                0x0801485c                rint
 .text.scalbn   0x08014978       0xfc c:/progra~3/matlab/suppor~1/r2018b/3p778c~1.ins/gnuarm~1.ins/win/bin/../lib/gcc/arm-none-eabi/7.2.1/../../../../arm-none-eabi/lib/thumb/v7e-m/fpv4-sp/softfp\libm.a(lib_a-s_scalbn.o)
                0x08014978                scalbn
 *fill*         0x08014a74        0x4 
 .text.__ieee754_log
                0x08014a78      0x394 c:/progra~3/matlab/suppor~1/r2018b/3p778c~1.ins/gnuarm~1.ins/win/bin/../lib/gcc/arm-none-eabi/7.2.1/../../../../arm-none-eabi/lib/thumb/v7e-m/fpv4-sp/softfp\libm.a(lib_a-e_log.o)
                0x08014a78                __ieee754_log
 .text.copysign
                0x08014e0c       0x10 c:/progra~3/matlab/suppor~1/r2018b/3p778c~1.ins/gnuarm~1.ins/win/bin/../lib/gcc/arm-none-eabi/7.2.1/../../../../arm-none-eabi/lib/thumb/v7e-m/fpv4-sp/softfp\libm.a(lib_a-s_copysign.o)
                0x08014e0c                copysign
 .text          0x08014e1c      0x378 c:/progra~3/matlab/suppor~1/r2018b/3p778c~1.ins/gnuarm~1.ins/win/bin/../lib/gcc/arm-none-eabi/7.2.1/thumb/v7e-m/fpv4-sp/softfp\libgcc.a(_arm_addsubdf3.o)
                0x08014e1c                __aeabi_drsub
                0x08014e24                __aeabi_dsub
                0x08014e24                __subdf3
                0x08014e28                __aeabi_dadd
                0x08014e28                __adddf3
                0x080150a0                __floatunsidf
                0x080150a0                __aeabi_ui2d
                0x080150c0                __floatsidf
                0x080150c0                __aeabi_i2d
                0x080150e4                __aeabi_f2d
                0x080150e4                __extendsfdf2
                0x08015128                __floatundidf
                0x08015128                __aeabi_ul2d
                0x08015138                __floatdidf
                0x08015138                __aeabi_l2d
 .text          0x08015194      0x424 c:/progra~3/matlab/suppor~1/r2018b/3p778c~1.ins/gnuarm~1.ins/win/bin/../lib/gcc/arm-none-eabi/7.2.1/thumb/v7e-m/fpv4-sp/softfp\libgcc.a(_arm_muldivdf3.o)
                0x08015194                __aeabi_dmul
                0x08015194                __muldf3
                0x080153e8                __divdf3
                0x080153e8                __aeabi_ddiv
 .text          0x080155b8      0x110 c:/progra~3/matlab/suppor~1/r2018b/3p778c~1.ins/gnuarm~1.ins/win/bin/../lib/gcc/arm-none-eabi/7.2.1/thumb/v7e-m/fpv4-sp/softfp\libgcc.a(_arm_cmpdf2.o)
                0x080155b8                __gtdf2
                0x080155b8                __gedf2
                0x080155c0                __ltdf2
                0x080155c0                __ledf2
                0x080155c8                __nedf2
                0x080155c8                __eqdf2
                0x080155c8                __cmpdf2
                0x08015644                __aeabi_cdrcmple
                0x08015654                __aeabi_cdcmpeq
                0x08015654                __aeabi_cdcmple
                0x08015664                __aeabi_dcmpeq
                0x08015678                __aeabi_dcmplt
                0x0801568c                __aeabi_dcmple
                0x080156a0                __aeabi_dcmpge
                0x080156b4                __aeabi_dcmpgt
 .text          0x080156c8       0x2c c:/progra~3/matlab/suppor~1/r2018b/3p778c~1.ins/gnuarm~1.ins/win/bin/../lib/gcc/arm-none-eabi/7.2.1/thumb/v7e-m/fpv4-sp/softfp\libgcc.a(_arm_unorddf2.o)
                0x080156c8                __unorddf2
                0x080156c8                __aeabi_dcmpun
 .text          0x080156f4       0x50 c:/progra~3/matlab/suppor~1/r2018b/3p778c~1.ins/gnuarm~1.ins/win/bin/../lib/gcc/arm-none-eabi/7.2.1/thumb/v7e-m/fpv4-sp/softfp\libgcc.a(_arm_fixdfsi.o)
                0x080156f4                __aeabi_d2iz
                0x080156f4                __fixdfsi
 .text          0x08015744       0xa0 c:/progra~3/matlab/suppor~1/r2018b/3p778c~1.ins/gnuarm~1.ins/win/bin/../lib/gcc/arm-none-eabi/7.2.1/thumb/v7e-m/fpv4-sp/softfp\libgcc.a(_arm_truncdfsf2.o)
                0x08015744                __truncdfsf2
                0x08015744                __aeabi_d2f
 .text.__errno  0x080157e4        0xc c:/progra~3/matlab/suppor~1/r2018b/3p778c~1.ins/gnuarm~1.ins/win/bin/../lib/gcc/arm-none-eabi/7.2.1/../../../../arm-none-eabi/lib/thumb/v7e-m/fpv4-sp/softfp\libc_nano.a(lib_a-errno.o)
                0x080157e4                __errno
 .text.exit     0x080157f0       0x28 c:/progra~3/matlab/suppor~1/r2018b/3p778c~1.ins/gnuarm~1.ins/win/bin/../lib/gcc/arm-none-eabi/7.2.1/../../../../arm-none-eabi/lib/thumb/v7e-m/fpv4-sp/softfp\libc_nano.a(lib_a-exit.o)
                0x080157f0                exit
 .text.__sflush_r
                0x08015818      0x10c c:/progra~3/matlab/suppor~1/r2018b/3p778c~1.ins/gnuarm~1.ins/win/bin/../lib/gcc/arm-none-eabi/7.2.1/../../../../arm-none-eabi/lib/thumb/v7e-m/fpv4-sp/softfp\libc_nano.a(lib_a-fflush.o)
                0x08015818                __sflush_r
 .text._fflush_r
                0x08015924       0x54 c:/progra~3/matlab/suppor~1/r2018b/3p778c~1.ins/gnuarm~1.ins/win/bin/../lib/gcc/arm-none-eabi/7.2.1/../../../../arm-none-eabi/lib/thumb/v7e-m/fpv4-sp/softfp\libc_nano.a(lib_a-fflush.o)
                0x08015924                _fflush_r
 .text.fflush   0x08015978       0x24 c:/progra~3/matlab/suppor~1/r2018b/3p778c~1.ins/gnuarm~1.ins/win/bin/../lib/gcc/arm-none-eabi/7.2.1/../../../../arm-none-eabi/lib/thumb/v7e-m/fpv4-sp/softfp\libc_nano.a(lib_a-fflush.o)
                0x08015978                fflush
 .text.std      0x0801599c       0x48 c:/progra~3/matlab/suppor~1/r2018b/3p778c~1.ins/gnuarm~1.ins/win/bin/../lib/gcc/arm-none-eabi/7.2.1/../../../../arm-none-eabi/lib/thumb/v7e-m/fpv4-sp/softfp\libc_nano.a(lib_a-findfp.o)
 .text._cleanup_r
                0x080159e4        0xc c:/progra~3/matlab/suppor~1/r2018b/3p778c~1.ins/gnuarm~1.ins/win/bin/../lib/gcc/arm-none-eabi/7.2.1/../../../../arm-none-eabi/lib/thumb/v7e-m/fpv4-sp/softfp\libc_nano.a(lib_a-findfp.o)
                0x080159e4                _cleanup_r
 .text.__sfmoreglue
                0x080159f0       0x2c c:/progra~3/matlab/suppor~1/r2018b/3p778c~1.ins/gnuarm~1.ins/win/bin/../lib/gcc/arm-none-eabi/7.2.1/../../../../arm-none-eabi/lib/thumb/v7e-m/fpv4-sp/softfp\libc_nano.a(lib_a-findfp.o)
                0x080159f0                __sfmoreglue
 .text.__sinit  0x08015a1c       0x60 c:/progra~3/matlab/suppor~1/r2018b/3p778c~1.ins/gnuarm~1.ins/win/bin/../lib/gcc/arm-none-eabi/7.2.1/../../../../arm-none-eabi/lib/thumb/v7e-m/fpv4-sp/softfp\libc_nano.a(lib_a-findfp.o)
                0x08015a1c                __sinit
 .text.__sfp    0x08015a7c       0x78 c:/progra~3/matlab/suppor~1/r2018b/3p778c~1.ins/gnuarm~1.ins/win/bin/../lib/gcc/arm-none-eabi/7.2.1/../../../../arm-none-eabi/lib/thumb/v7e-m/fpv4-sp/softfp\libc_nano.a(lib_a-findfp.o)
                0x08015a7c                __sfp
 .text._fwalk_reent
                0x08015af4       0x3c c:/progra~3/matlab/suppor~1/r2018b/3p778c~1.ins/gnuarm~1.ins/win/bin/../lib/gcc/arm-none-eabi/7.2.1/../../../../arm-none-eabi/lib/thumb/v7e-m/fpv4-sp/softfp\libc_nano.a(lib_a-fwalk.o)
                0x08015af4                _fwalk_reent
 .text.__libc_init_array
                0x08015b30       0x48 c:/progra~3/matlab/suppor~1/r2018b/3p778c~1.ins/gnuarm~1.ins/win/bin/../lib/gcc/arm-none-eabi/7.2.1/../../../../arm-none-eabi/lib/thumb/v7e-m/fpv4-sp/softfp\libc_nano.a(lib_a-init.o)
                0x08015b30                __libc_init_array
 .text.malloc   0x08015b78       0x10 c:/progra~3/matlab/suppor~1/r2018b/3p778c~1.ins/gnuarm~1.ins/win/bin/../lib/gcc/arm-none-eabi/7.2.1/../../../../arm-none-eabi/lib/thumb/v7e-m/fpv4-sp/softfp\libc_nano.a(lib_a-malloc.o)
                0x08015b78                malloc
 .text.free     0x08015b88       0x10 c:/progra~3/matlab/suppor~1/r2018b/3p778c~1.ins/gnuarm~1.ins/win/bin/../lib/gcc/arm-none-eabi/7.2.1/../../../../arm-none-eabi/lib/thumb/v7e-m/fpv4-sp/softfp\libc_nano.a(lib_a-malloc.o)
                0x08015b88                free
 *fill*         0x08015b98        0x8 
 .text          0x08015ba0       0xa0 c:/progra~3/matlab/suppor~1/r2018b/3p778c~1.ins/gnuarm~1.ins/win/bin/../lib/gcc/arm-none-eabi/7.2.1/../../../../arm-none-eabi/lib/thumb/v7e-m/fpv4-sp/softfp\libc_nano.a(lib_a-memchr.o)
                0x08015ba0                memchr
 .text.memcpy   0x08015c40       0x16 c:/progra~3/matlab/suppor~1/r2018b/3p778c~1.ins/gnuarm~1.ins/win/bin/../lib/gcc/arm-none-eabi/7.2.1/../../../../arm-none-eabi/lib/thumb/v7e-m/fpv4-sp/softfp\libc_nano.a(lib_a-memcpy-stub.o)
                0x08015c40                memcpy
 .text.memset   0x08015c56       0x10 c:/progra~3/matlab/suppor~1/r2018b/3p778c~1.ins/gnuarm~1.ins/win/bin/../lib/gcc/arm-none-eabi/7.2.1/../../../../arm-none-eabi/lib/thumb/v7e-m/fpv4-sp/softfp\libc_nano.a(lib_a-memset.o)
                0x08015c56                memset
 *fill*         0x08015c66        0x2 
 .text._free_r  0x08015c68       0x9c c:/progra~3/matlab/suppor~1/r2018b/3p778c~1.ins/gnuarm~1.ins/win/bin/../lib/gcc/arm-none-eabi/7.2.1/../../../../arm-none-eabi/lib/thumb/v7e-m/fpv4-sp/softfp\libc_nano.a(lib_a-nano-freer.o)
                0x08015c68                _free_r
 .text._malloc_r
                0x08015d04       0xb4 c:/progra~3/matlab/suppor~1/r2018b/3p778c~1.ins/gnuarm~1.ins/win/bin/../lib/gcc/arm-none-eabi/7.2.1/../../../../arm-none-eabi/lib/thumb/v7e-m/fpv4-sp/softfp\libc_nano.a(lib_a-nano-mallocr.o)
                0x08015d04                _malloc_r
 .text._printf_common
                0x08015db8       0xea c:/progra~3/matlab/suppor~1/r2018b/3p778c~1.ins/gnuarm~1.ins/win/bin/../lib/gcc/arm-none-eabi/7.2.1/../../../../arm-none-eabi/lib/thumb/v7e-m/fpv4-sp/softfp\libc_nano.a(lib_a-nano-vfprintf_i.o)
                0x08015db8                _printf_common
 *fill*         0x08015ea2        0x2 
 .text._printf_i
                0x08015ea4      0x224 c:/progra~3/matlab/suppor~1/r2018b/3p778c~1.ins/gnuarm~1.ins/win/bin/../lib/gcc/arm-none-eabi/7.2.1/../../../../arm-none-eabi/lib/thumb/v7e-m/fpv4-sp/softfp\libc_nano.a(lib_a-nano-vfprintf_i.o)
                0x08015ea4                _printf_i
 .text._sbrk_r  0x080160c8       0x20 c:/progra~3/matlab/suppor~1/r2018b/3p778c~1.ins/gnuarm~1.ins/win/bin/../lib/gcc/arm-none-eabi/7.2.1/../../../../arm-none-eabi/lib/thumb/v7e-m/fpv4-sp/softfp\libc_nano.a(lib_a-sbrkr.o)
                0x080160c8                _sbrk_r
 .text.__sread  0x080160e8       0x22 c:/progra~3/matlab/suppor~1/r2018b/3p778c~1.ins/gnuarm~1.ins/win/bin/../lib/gcc/arm-none-eabi/7.2.1/../../../../arm-none-eabi/lib/thumb/v7e-m/fpv4-sp/softfp\libc_nano.a(lib_a-stdio.o)
                0x080160e8                __sread
 .text.__swrite
                0x0801610a       0x38 c:/progra~3/matlab/suppor~1/r2018b/3p778c~1.ins/gnuarm~1.ins/win/bin/../lib/gcc/arm-none-eabi/7.2.1/../../../../arm-none-eabi/lib/thumb/v7e-m/fpv4-sp/softfp\libc_nano.a(lib_a-stdio.o)
                0x0801610a                __swrite
 .text.__sseek  0x08016142       0x24 c:/progra~3/matlab/suppor~1/r2018b/3p778c~1.ins/gnuarm~1.ins/win/bin/../lib/gcc/arm-none-eabi/7.2.1/../../../../arm-none-eabi/lib/thumb/v7e-m/fpv4-sp/softfp\libc_nano.a(lib_a-stdio.o)
                0x08016142                __sseek
 .text.__sclose
                0x08016166        0x8 c:/progra~3/matlab/suppor~1/r2018b/3p778c~1.ins/gnuarm~1.ins/win/bin/../lib/gcc/arm-none-eabi/7.2.1/../../../../arm-none-eabi/lib/thumb/v7e-m/fpv4-sp/softfp\libc_nano.a(lib_a-stdio.o)
                0x08016166                __sclose
 .text._vsnprintf_r
                0x0801616e       0x58 c:/progra~3/matlab/suppor~1/r2018b/3p778c~1.ins/gnuarm~1.ins/win/bin/../lib/gcc/arm-none-eabi/7.2.1/../../../../arm-none-eabi/lib/thumb/v7e-m/fpv4-sp/softfp\libc_nano.a(lib_a-vsnprintf.o)
                0x0801616e                _vsniprintf_r
                0x0801616e                _vsnprintf_r
 *fill*         0x080161c6        0x2 
 .text.vsnprintf
                0x080161c8       0x1c c:/progra~3/matlab/suppor~1/r2018b/3p778c~1.ins/gnuarm~1.ins/win/bin/../lib/gcc/arm-none-eabi/7.2.1/../../../../arm-none-eabi/lib/thumb/v7e-m/fpv4-sp/softfp\libc_nano.a(lib_a-vsnprintf.o)
                0x080161c8                vsniprintf
                0x080161c8                vsnprintf
 .text._write_r
                0x080161e4       0x24 c:/progra~3/matlab/suppor~1/r2018b/3p778c~1.ins/gnuarm~1.ins/win/bin/../lib/gcc/arm-none-eabi/7.2.1/../../../../arm-none-eabi/lib/thumb/v7e-m/fpv4-sp/softfp\libc_nano.a(lib_a-writer.o)
                0x080161e4                _write_r
 .text._close_r
                0x08016208       0x20 c:/progra~3/matlab/suppor~1/r2018b/3p778c~1.ins/gnuarm~1.ins/win/bin/../lib/gcc/arm-none-eabi/7.2.1/../../../../arm-none-eabi/lib/thumb/v7e-m/fpv4-sp/softfp\libc_nano.a(lib_a-closer.o)
                0x08016208                _close_r
 .text._lseek_r
                0x08016228       0x24 c:/progra~3/matlab/suppor~1/r2018b/3p778c~1.ins/gnuarm~1.ins/win/bin/../lib/gcc/arm-none-eabi/7.2.1/../../../../arm-none-eabi/lib/thumb/v7e-m/fpv4-sp/softfp\libc_nano.a(lib_a-lseekr.o)
                0x08016228                _lseek_r
 .text.memmove  0x0801624c       0x32 c:/progra~3/matlab/suppor~1/r2018b/3p778c~1.ins/gnuarm~1.ins/win/bin/../lib/gcc/arm-none-eabi/7.2.1/../../../../arm-none-eabi/lib/thumb/v7e-m/fpv4-sp/softfp\libc_nano.a(lib_a-memmove.o)
                0x0801624c                memmove
 .text._realloc_r
                0x0801627e       0x4c c:/progra~3/matlab/suppor~1/r2018b/3p778c~1.ins/gnuarm~1.ins/win/bin/../lib/gcc/arm-none-eabi/7.2.1/../../../../arm-none-eabi/lib/thumb/v7e-m/fpv4-sp/softfp\libc_nano.a(lib_a-nano-reallocr.o)
                0x0801627e                _realloc_r
 .text.__ssputs_r
                0x080162ca       0xb4 c:/progra~3/matlab/suppor~1/r2018b/3p778c~1.ins/gnuarm~1.ins/win/bin/../lib/gcc/arm-none-eabi/7.2.1/../../../../arm-none-eabi/lib/thumb/v7e-m/fpv4-sp/softfp\libc_nano.a(lib_a-nano-svfprintf.o)
                0x080162ca                __ssputs_r
 *fill*         0x0801637e        0x2 
 .text._svfprintf_r
                0x08016380      0x1ec c:/progra~3/matlab/suppor~1/r2018b/3p778c~1.ins/gnuarm~1.ins/win/bin/../lib/gcc/arm-none-eabi/7.2.1/../../../../arm-none-eabi/lib/thumb/v7e-m/fpv4-sp/softfp\libc_nano.a(lib_a-nano-svfprintf.o)
                0x08016380                _svfiprintf_r
                0x08016380                _svfprintf_r
 .text._read_r  0x0801656c       0x24 c:/progra~3/matlab/suppor~1/r2018b/3p778c~1.ins/gnuarm~1.ins/win/bin/../lib/gcc/arm-none-eabi/7.2.1/../../../../arm-none-eabi/lib/thumb/v7e-m/fpv4-sp/softfp\libc_nano.a(lib_a-readr.o)
                0x0801656c                _read_r
 .text._malloc_usable_size_r
                0x08016590       0x10 c:/progra~3/matlab/suppor~1/r2018b/3p778c~1.ins/gnuarm~1.ins/win/bin/../lib/gcc/arm-none-eabi/7.2.1/../../../../arm-none-eabi/lib/thumb/v7e-m/fpv4-sp/softfp\libc_nano.a(lib_a-nano-msizer.o)
                0x08016590                _malloc_usable_size_r
 *(.init)
 .init          0x080165a0        0x4 c:/progra~3/matlab/suppor~1/r2018b/3p778c~1.ins/gnuarm~1.ins/win/bin/../lib/gcc/arm-none-eabi/7.2.1/thumb/v7e-m/fpv4-sp/softfp/crti.o
                0x080165a0                _init
 .init          0x080165a4        0x8 c:/progra~3/matlab/suppor~1/r2018b/3p778c~1.ins/gnuarm~1.ins/win/bin/../lib/gcc/arm-none-eabi/7.2.1/thumb/v7e-m/fpv4-sp/softfp/crtn.o
 *(.fini)
 .fini          0x080165ac        0x4 c:/progra~3/matlab/suppor~1/r2018b/3p778c~1.ins/gnuarm~1.ins/win/bin/../lib/gcc/arm-none-eabi/7.2.1/thumb/v7e-m/fpv4-sp/softfp/crti.o
                0x080165ac                _fini
 .fini          0x080165b0        0x8 c:/progra~3/matlab/suppor~1/r2018b/3p778c~1.ins/gnuarm~1.ins/win/bin/../lib/gcc/arm-none-eabi/7.2.1/thumb/v7e-m/fpv4-sp/softfp/crtn.o
 *crtbegin.o(.ctors)
 *crtbegin?.o(.ctors)
 *(EXCLUDE_FILE(*crtend.o *crtend?.o) .ctors)
 *(SORT_BY_NAME(.ctors.*))
 *(.ctors)
 *crtbegin.o(.dtors)
 *crtbegin?.o(.dtors)
 *(EXCLUDE_FILE(*crtend.o *crtend?.o) .dtors)
 *(SORT_BY_NAME(.dtors.*))
 *(.dtors)
 *(.rodata*)
 .rodata.analogin_init.str1.1
                0x080165b8       0xb2 C:/PROGRA~3/MATLAB/SUPPOR~1/R2018b/3P778C~1.INS/MBEDLI~1.INS/0F0230~1/TARGET_NUCLEO_F411RE/TOOLCHAIN_GCC_ARM/analogin_api.o
 .rodata.Set_GPIO_Clock.str1.1
                0x0801666a       0x21 C:/PROGRA~3/MATLAB/SUPPOR~1/R2018b/3P778C~1.INS/MBEDLI~1.INS/0F0230~1/TARGET_NUCLEO_F411RE/TOOLCHAIN_GCC_ARM/gpio_api.o
 .rodata.gpio_set.str1.1
                0x0801668b       0x6a C:/PROGRA~3/MATLAB/SUPPOR~1/R2018b/3P778C~1.INS/MBEDLI~1.INS/0F0230~1/TARGET_NUCLEO_F411RE/TOOLCHAIN_GCC_ARM/gpio_api.o
 .rodata._ZN12SingletonPtrI13PlatformMutexE3getEv.str1.1
                0x080166f5       0x70 C:/PROGRA~3/MATLAB/SUPPOR~1/R2018b/3P778C~1.INS/MBEDLI~1.INS/0F0230~1/TARGET_NUCLEO_F411RE/TOOLCHAIN_GCC_ARM/mbed_retarget.o
 .rodata._Znwj.str1.1
                0x08016765       0x1d C:/PROGRA~3/MATLAB/SUPPOR~1/R2018b/3P778C~1.INS/MBEDLI~1.INS/0F0230~1/TARGET_NUCLEO_F411RE/TOOLCHAIN_GCC_ARM/mbed_retarget.o
 *fill*         0x08016782        0x2 
 .rodata.PinMap_ADC
                0x08016784       0xb4 C:/PROGRA~3/MATLAB/SUPPOR~1/R2018b/3P778C~1.INS/MBEDLI~1.INS/0F0230~1/TARGET_NUCLEO_F411RE/TOOLCHAIN_GCC_ARM/PeripheralPins.o
                0x08016784                PinMap_ADC
 .rodata.PinMap_ADC_Internal
                0x08016838       0x30 C:/PROGRA~3/MATLAB/SUPPOR~1/R2018b/3P778C~1.INS/MBEDLI~1.INS/0F0230~1/TARGET_NUCLEO_F411RE/TOOLCHAIN_GCC_ARM/PeripheralPins.o
                0x08016838                PinMap_ADC_Internal
 .rodata.PinMap_PWM
                0x08016868      0x150 C:/PROGRA~3/MATLAB/SUPPOR~1/R2018b/3P778C~1.INS/MBEDLI~1.INS/0F0230~1/TARGET_NUCLEO_F411RE/TOOLCHAIN_GCC_ARM/PeripheralPins.o
                0x08016868                PinMap_PWM
 .rodata.PinMap_UART_RX
                0x080169b8       0x54 C:/PROGRA~3/MATLAB/SUPPOR~1/R2018b/3P778C~1.INS/MBEDLI~1.INS/0F0230~1/TARGET_NUCLEO_F411RE/TOOLCHAIN_GCC_ARM/PeripheralPins.o
                0x080169b8                PinMap_UART_RX
 .rodata.PinMap_UART_TX
                0x08016a0c       0x54 C:/PROGRA~3/MATLAB/SUPPOR~1/R2018b/3P778C~1.INS/MBEDLI~1.INS/0F0230~1/TARGET_NUCLEO_F411RE/TOOLCHAIN_GCC_ARM/PeripheralPins.o
                0x08016a0c                PinMap_UART_TX
 .rodata.ll_pin_defines
                0x08016a60       0x40 C:/PROGRA~3/MATLAB/SUPPOR~1/R2018b/3P778C~1.INS/MBEDLI~1.INS/0F0230~1/TARGET_NUCLEO_F411RE/TOOLCHAIN_GCC_ARM/pinmap.o
                0x08016a60                ll_pin_defines
 .rodata.pin_function.str1.1
                0x08016aa0       0x57 C:/PROGRA~3/MATLAB/SUPPOR~1/R2018b/3P778C~1.INS/MBEDLI~1.INS/0F0230~1/TARGET_NUCLEO_F411RE/TOOLCHAIN_GCC_ARM/pinmap.o
                                 0x6a (size before relaxing)
 .rodata.pwmout_init.str1.1
                0x08016af7       0x71 C:/PROGRA~3/MATLAB/SUPPOR~1/R2018b/3P778C~1.INS/MBEDLI~1.INS/0F0230~1/TARGET_NUCLEO_F411RE/TOOLCHAIN_GCC_ARM/pwmout_api.o
                                 0x8a (size before relaxing)
 .rodata.pwmout_period_us.str1.1
                0x08016b68       0x15 C:/PROGRA~3/MATLAB/SUPPOR~1/R2018b/3P778C~1.INS/MBEDLI~1.INS/0F0230~1/TARGET_NUCLEO_F411RE/TOOLCHAIN_GCC_ARM/pwmout_api.o
 .rodata.pwmout_write.str1.1
                0x08016b7d       0x17 C:/PROGRA~3/MATLAB/SUPPOR~1/R2018b/3P778C~1.INS/MBEDLI~1.INS/0F0230~1/TARGET_NUCLEO_F411RE/TOOLCHAIN_GCC_ARM/pwmout_api.o
 .rodata.pwm_apb_map_table
                0x08016b94       0x48 C:/PROGRA~3/MATLAB/SUPPOR~1/R2018b/3P778C~1.INS/MBEDLI~1.INS/0F0230~1/TARGET_NUCLEO_F411RE/TOOLCHAIN_GCC_ARM/pwmout_device.o
                0x08016b94                pwm_apb_map_table
 .rodata.init_uart.str1.1
                0x08016bdc       0x18 C:/PROGRA~3/MATLAB/SUPPOR~1/R2018b/3P778C~1.INS/MBEDLI~1.INS/0F0230~1/TARGET_NUCLEO_F411RE/TOOLCHAIN_GCC_ARM/serial_api.o
 .rodata.serial_init.str1.1
                0x08016bf4       0x84 C:/PROGRA~3/MATLAB/SUPPOR~1/R2018b/3P778C~1.INS/MBEDLI~1.INS/0F0230~1/TARGET_NUCLEO_F411RE/TOOLCHAIN_GCC_ARM/serial_api.o
 .rodata.APBAHBPrescTable
                0x08016c78       0x10 C:/PROGRA~3/MATLAB/SUPPOR~1/R2018b/3P778C~1.INS/MBEDLI~1.INS/0F0230~1/TARGET_NUCLEO_F411RE/TOOLCHAIN_GCC_ARM/stm32f4xx_hal_rcc.o
                0x08016c78                APBAHBPrescTable
 .rodata.AHBPrescTable
                0x08016c88       0x10 C:/PROGRA~3/MATLAB/SUPPOR~1/R2018b/3P778C~1.INS/MBEDLI~1.INS/0F0230~1/TARGET_NUCLEO_F411RE/TOOLCHAIN_GCC_ARM/system_stm32f4xx.o
                0x08016c88                AHBPrescTable
 .rodata._ZTVN4mbed8AnalogInE
                0x08016c98       0x18 MW_AnalogInput.o
                0x08016c98                vtable for mbed::AnalogIn
 .rodata.rtM    0x08016cb0        0x4 motoraiHIL.o
                0x08016cb0                rtM
 *fill*         0x08016cb4        0x4 
 .rodata.rtConstP
                0x08016cb8    0x33538 motoraiHIL_data.o
                0x08016cb8                rtConstP
 .rodata.us_data
                0x0804a1f0        0x8 C:/ProgramData/MATLAB/SupportPackages/R2018b/3P.instrset/mbedlibrary-stm.instrset/0f02307a0877/TARGET_NUCLEO_F411RE/TOOLCHAIN_GCC_ARM/libmbed.a(mbed_us_ticker_api.o)
 .rodata.us_interface
                0x0804a1f8       0x14 C:/ProgramData/MATLAB/SupportPackages/R2018b/3P.instrset/mbedlibrary-stm.instrset/0f02307a0877/TARGET_NUCLEO_F411RE/TOOLCHAIN_GCC_ARM/libmbed.a(mbed_us_ticker_api.o)
 .rodata.mbed_assert_internal.str1.1
                0x0804a20c       0x31 C:/ProgramData/MATLAB/SupportPackages/R2018b/3P.instrset/mbedlibrary-stm.instrset/0f02307a0877/TARGET_NUCLEO_F411RE/TOOLCHAIN_GCC_ARM/libmbed.a(mbed_assert.o)
 .rodata.pinmap_function.str1.1
                0x0804a23d       0x1e C:/ProgramData/MATLAB/SupportPackages/R2018b/3P.instrset/mbedlibrary-stm.instrset/0f02307a0877/TARGET_NUCLEO_F411RE/TOOLCHAIN_GCC_ARM/libmbed.a(mbed_pinmap_common.o)
 .rodata.pinmap_merge.str1.1
                0x0804a25b       0x11 C:/ProgramData/MATLAB/SupportPackages/R2018b/3P.instrset/mbedlibrary-stm.instrset/0f02307a0877/TARGET_NUCLEO_F411RE/TOOLCHAIN_GCC_ARM/libmbed.a(mbed_pinmap_common.o)
 .rodata.pinmap_peripheral.str1.1
                0x0804a26c       0x20 C:/ProgramData/MATLAB/SupportPackages/R2018b/3P.instrset/mbedlibrary-stm.instrset/0f02307a0877/TARGET_NUCLEO_F411RE/TOOLCHAIN_GCC_ARM/libmbed.a(mbed_pinmap_common.o)
 .rodata.pinmap_pinout.str1.1
                0x0804a28c       0x11 C:/ProgramData/MATLAB/SupportPackages/R2018b/3P.instrset/mbedlibrary-stm.instrset/0f02307a0877/TARGET_NUCLEO_F411RE/TOOLCHAIN_GCC_ARM/libmbed.a(mbed_pinmap_common.o)
 .rodata.core_util_critical_section_enter.str1.1
                0x0804a29d       0x8c C:/ProgramData/MATLAB/SupportPackages/R2018b/3P.instrset/mbedlibrary-stm.instrset/0f02307a0877/TARGET_NUCLEO_F411RE/TOOLCHAIN_GCC_ARM/libmbed.a(mbed_critical.o)
 *fill*         0x0804a329        0x3 
 .rodata.exp.str1.4
                0x0804a32c        0x4 c:/progra~3/matlab/suppor~1/r2018b/3p778c~1.ins/gnuarm~1.ins/win/bin/../lib/gcc/arm-none-eabi/7.2.1/../../../../arm-none-eabi/lib/thumb/v7e-m/fpv4-sp/softfp\libm.a(lib_a-w_exp.o)
 .rodata.log10.str1.4
                0x0804a330        0x6 c:/progra~3/matlab/suppor~1/r2018b/3p778c~1.ins/gnuarm~1.ins/win/bin/../lib/gcc/arm-none-eabi/7.2.1/../../../../arm-none-eabi/lib/thumb/v7e-m/fpv4-sp/softfp\libm.a(lib_a-w_log10.o)
                                  0x9 (size before relaxing)
 *fill*         0x0804a336        0x2 
 .rodata.pow.str1.4
                0x0804a338        0x4 c:/progra~3/matlab/suppor~1/r2018b/3p778c~1.ins/gnuarm~1.ins/win/bin/../lib/gcc/arm-none-eabi/7.2.1/../../../../arm-none-eabi/lib/thumb/v7e-m/fpv4-sp/softfp\libm.a(lib_a-w_pow.o)
 .rodata.sqrt.str1.4
                0x0804a33c        0x8 c:/progra~3/matlab/suppor~1/r2018b/3p778c~1.ins/gnuarm~1.ins/win/bin/../lib/gcc/arm-none-eabi/7.2.1/../../../../arm-none-eabi/lib/thumb/v7e-m/fpv4-sp/softfp\libm.a(lib_a-w_sqrt.o)
                                  0x5 (size before relaxing)
 *fill*         0x0804a344        0x4 
 .rodata.halF   0x0804a348       0x10 c:/progra~3/matlab/suppor~1/r2018b/3p778c~1.ins/gnuarm~1.ins/win/bin/../lib/gcc/arm-none-eabi/7.2.1/../../../../arm-none-eabi/lib/thumb/v7e-m/fpv4-sp/softfp\libm.a(lib_a-e_exp.o)
 .rodata.ln2HI  0x0804a358       0x10 c:/progra~3/matlab/suppor~1/r2018b/3p778c~1.ins/gnuarm~1.ins/win/bin/../lib/gcc/arm-none-eabi/7.2.1/../../../../arm-none-eabi/lib/thumb/v7e-m/fpv4-sp/softfp\libm.a(lib_a-e_exp.o)
 .rodata.ln2LO  0x0804a368       0x10 c:/progra~3/matlab/suppor~1/r2018b/3p778c~1.ins/gnuarm~1.ins/win/bin/../lib/gcc/arm-none-eabi/7.2.1/../../../../arm-none-eabi/lib/thumb/v7e-m/fpv4-sp/softfp\libm.a(lib_a-e_exp.o)
 .rodata.__ieee754_pow.str1.4
                0x0804a378        0x1 c:/progra~3/matlab/suppor~1/r2018b/3p778c~1.ins/gnuarm~1.ins/win/bin/../lib/gcc/arm-none-eabi/7.2.1/../../../../arm-none-eabi/lib/thumb/v7e-m/fpv4-sp/softfp\libm.a(lib_a-e_pow.o)
 .rodata.TWO52  0x0804a378       0x10 c:/progra~3/matlab/suppor~1/r2018b/3p778c~1.ins/gnuarm~1.ins/win/bin/../lib/gcc/arm-none-eabi/7.2.1/../../../../arm-none-eabi/lib/thumb/v7e-m/fpv4-sp/softfp\libm.a(lib_a-s_rint.o)
 .rodata.__sf_fake_stderr
                0x0804a388       0x20 c:/progra~3/matlab/suppor~1/r2018b/3p778c~1.ins/gnuarm~1.ins/win/bin/../lib/gcc/arm-none-eabi/7.2.1/../../../../arm-none-eabi/lib/thumb/v7e-m/fpv4-sp/softfp\libc_nano.a(lib_a-findfp.o)
                0x0804a388                __sf_fake_stderr
 .rodata.__sf_fake_stdin
                0x0804a3a8       0x20 c:/progra~3/matlab/suppor~1/r2018b/3p778c~1.ins/gnuarm~1.ins/win/bin/../lib/gcc/arm-none-eabi/7.2.1/../../../../arm-none-eabi/lib/thumb/v7e-m/fpv4-sp/softfp\libc_nano.a(lib_a-findfp.o)
                0x0804a3a8                __sf_fake_stdin
 .rodata.__sf_fake_stdout
                0x0804a3c8       0x20 c:/progra~3/matlab/suppor~1/r2018b/3p778c~1.ins/gnuarm~1.ins/win/bin/../lib/gcc/arm-none-eabi/7.2.1/../../../../arm-none-eabi/lib/thumb/v7e-m/fpv4-sp/softfp\libc_nano.a(lib_a-findfp.o)
                0x0804a3c8                __sf_fake_stdout
 .rodata._global_impure_ptr
                0x0804a3e8        0x4 c:/progra~3/matlab/suppor~1/r2018b/3p778c~1.ins/gnuarm~1.ins/win/bin/../lib/gcc/arm-none-eabi/7.2.1/../../../../arm-none-eabi/lib/thumb/v7e-m/fpv4-sp/softfp\libc_nano.a(lib_a-impure.o)
                0x0804a3e8                _global_impure_ptr
 .rodata._printf_i.str1.1
                0x0804a3ec       0x22 c:/progra~3/matlab/suppor~1/r2018b/3p778c~1.ins/gnuarm~1.ins/win/bin/../lib/gcc/arm-none-eabi/7.2.1/../../../../arm-none-eabi/lib/thumb/v7e-m/fpv4-sp/softfp\libc_nano.a(lib_a-nano-vfprintf_i.o)
 .rodata._svfprintf_r.str1.1
                0x0804a40e       0x11 c:/progra~3/matlab/suppor~1/r2018b/3p778c~1.ins/gnuarm~1.ins/win/bin/../lib/gcc/arm-none-eabi/7.2.1/../../../../arm-none-eabi/lib/thumb/v7e-m/fpv4-sp/softfp\libc_nano.a(lib_a-nano-svfprintf.o)
 *(.eh_frame*)
 *fill*         0x0804a41f        0x1 
 .eh_frame      0x0804a420        0x0 c:/progra~3/matlab/suppor~1/r2018b/3p778c~1.ins/gnuarm~1.ins/win/bin/../lib/gcc/arm-none-eabi/7.2.1/thumb/v7e-m/fpv4-sp/softfp/crtbegin.o
 .eh_frame      0x0804a420        0x4 c:/progra~3/matlab/suppor~1/r2018b/3p778c~1.ins/gnuarm~1.ins/win/bin/../lib/gcc/arm-none-eabi/7.2.1/thumb/v7e-m/fpv4-sp/softfp/crtend.o

.glue_7         0x0804a424        0x0
 .glue_7        0x0804a424        0x0 linker stubs

.glue_7t        0x0804a424        0x0
 .glue_7t       0x0804a424        0x0 linker stubs

.vfp11_veneer   0x0804a424        0x0
 .vfp11_veneer  0x0804a424        0x0 linker stubs

.v4_bx          0x0804a424        0x0
 .v4_bx         0x0804a424        0x0 linker stubs

.iplt           0x0804a424        0x0
 .iplt          0x0804a424        0x0 c:/progra~3/matlab/suppor~1/r2018b/3p778c~1.ins/gnuarm~1.ins/win/bin/../lib/gcc/arm-none-eabi/7.2.1/thumb/v7e-m/fpv4-sp/softfp/crtbegin.o

.ARM.extab
 *(.ARM.extab* .gnu.linkonce.armextab.*)
                0x0804a424                __exidx_start = .

.ARM.exidx      0x0804a424        0x8
 *(.ARM.exidx* .gnu.linkonce.armexidx.*)
 .ARM.exidx     0x0804a424        0x8 c:/progra~3/matlab/suppor~1/r2018b/3p778c~1.ins/gnuarm~1.ins/win/bin/../lib/gcc/arm-none-eabi/7.2.1/../../../../arm-none-eabi/lib/thumb/v7e-m/fpv4-sp/softfp/crt0.o
                0x0804a42c                __exidx_end = .
                0x0804a42c                __etext = .
                0x0804a42c                _sidata = .

.rel.dyn        0x0804a42c        0x0
 .rel.iplt      0x0804a42c        0x0 c:/progra~3/matlab/suppor~1/r2018b/3p778c~1.ins/gnuarm~1.ins/win/bin/../lib/gcc/arm-none-eabi/7.2.1/thumb/v7e-m/fpv4-sp/softfp/crtbegin.o

.data           0x20000198      0x300 load address 0x0804a42c
                0x20000198                __data_start__ = .
                0x20000198                _sdata = .
 *(vtable)
 *(.data*)
 .data._ZZ5_sbrkE4heap
                0x20000198        0x4 C:/PROGRA~3/MATLAB/SUPPOR~1/R2018b/3P778C~1.INS/MBEDLI~1.INS/0F0230~1/TARGET_NUCLEO_F411RE/TOOLCHAIN_GCC_ARM/mbed_retarget.o
 .data.SystemCoreClock
                0x2000019c        0x4 C:/PROGRA~3/MATLAB/SUPPOR~1/R2018b/3P778C~1.INS/MBEDLI~1.INS/0F0230~1/TARGET_NUCLEO_F411RE/TOOLCHAIN_GCC_ARM/system_stm32f4xx.o
                0x2000019c                SystemCoreClock
 .data.MW_MbedPins
                0x200001a0      0x288 mw_mbed_interface.o
                0x200001a0                MW_MbedPins
 .data.__fdlib_version
                0x20000428        0x1 c:/progra~3/matlab/suppor~1/r2018b/3p778c~1.ins/gnuarm~1.ins/win/bin/../lib/gcc/arm-none-eabi/7.2.1/../../../../arm-none-eabi/lib/thumb/v7e-m/fpv4-sp/softfp\libm.a(lib_a-s_lib_ver.o)
                0x20000428                __fdlib_version
 *fill*         0x20000429        0x3 
 .data._impure_ptr
                0x2000042c        0x4 c:/progra~3/matlab/suppor~1/r2018b/3p778c~1.ins/gnuarm~1.ins/win/bin/../lib/gcc/arm-none-eabi/7.2.1/../../../../arm-none-eabi/lib/thumb/v7e-m/fpv4-sp/softfp\libc_nano.a(lib_a-impure.o)
                0x2000042c                _impure_ptr
 .data.impure_data
                0x20000430       0x60 c:/progra~3/matlab/suppor~1/r2018b/3p778c~1.ins/gnuarm~1.ins/win/bin/../lib/gcc/arm-none-eabi/7.2.1/../../../../arm-none-eabi/lib/thumb/v7e-m/fpv4-sp/softfp\libc_nano.a(lib_a-impure.o)
                0x20000490                . = ALIGN (0x4)
                0x20000490                PROVIDE (__preinit_array_start, .)
 *(.preinit_array)
                0x20000490                PROVIDE (__preinit_array_end, .)
                0x20000490                . = ALIGN (0x4)
                0x20000490                PROVIDE (__init_array_start, .)
 *(SORT_BY_NAME(.init_array.*))
 *(.init_array)
 .init_array    0x20000490        0x4 c:/progra~3/matlab/suppor~1/r2018b/3p778c~1.ins/gnuarm~1.ins/win/bin/../lib/gcc/arm-none-eabi/7.2.1/thumb/v7e-m/fpv4-sp/softfp/crtbegin.o
                0x20000494                PROVIDE (__init_array_end, .)
                0x20000494                . = ALIGN (0x4)
                [!provide]                PROVIDE (__fini_array_start, .)
 *(SORT_BY_NAME(.fini_array.*))
 *(.fini_array)
 .fini_array    0x20000494        0x4 c:/progra~3/matlab/suppor~1/r2018b/3p778c~1.ins/gnuarm~1.ins/win/bin/../lib/gcc/arm-none-eabi/7.2.1/thumb/v7e-m/fpv4-sp/softfp/crtbegin.o
                [!provide]                PROVIDE (__fini_array_end, .)
 *(.jcr*)
                0x20000498                . = ALIGN (0x4)
                0x20000498                __data_end__ = .
                0x20000498                _edata = .

.igot.plt       0x20000498        0x0 load address 0x0804a72c
 .igot.plt      0x20000498        0x0 c:/progra~3/matlab/suppor~1/r2018b/3p778c~1.ins/gnuarm~1.ins/win/bin/../lib/gcc/arm-none-eabi/7.2.1/thumb/v7e-m/fpv4-sp/softfp/crtbegin.o

.bss            0x20000498     0x234c load address 0x0804a730
                0x20000498                . = ALIGN (0x4)
                0x20000498                __bss_start__ = .
                0x20000498                _sbss = .
 *(.bss*)
 .bss           0x20000498       0x1c c:/progra~3/matlab/suppor~1/r2018b/3p778c~1.ins/gnuarm~1.ins/win/bin/../lib/gcc/arm-none-eabi/7.2.1/thumb/v7e-m/fpv4-sp/softfp/crtbegin.o